Archive member included to satisfy reference by file (symbol)

/home/book/andey/gcc-arm-none-eabi/bin/../lib/gcc/arm-none-eabi/5.4.1/../../../../arm-none-eabi/lib/armv7e-m/libc.a(lib_a-exit.o)
                              /home/book/andey/gcc-arm-none-eabi/bin/../lib/gcc/arm-none-eabi/5.4.1/../../../../arm-none-eabi/lib/armv7e-m/crt0.o (exit)
/home/book/andey/gcc-arm-none-eabi/bin/../lib/gcc/arm-none-eabi/5.4.1/../../../../arm-none-eabi/lib/armv7e-m/libc.a(lib_a-impure.o)
                              /home/book/andey/gcc-arm-none-eabi/bin/../lib/gcc/arm-none-eabi/5.4.1/../../../../arm-none-eabi/lib/armv7e-m/libc.a(lib_a-exit.o) (_global_impure_ptr)
/home/book/andey/gcc-arm-none-eabi/bin/../lib/gcc/arm-none-eabi/5.4.1/../../../../arm-none-eabi/lib/armv7e-m/libc.a(lib_a-init.o)
                              /home/book/andey/gcc-arm-none-eabi/bin/../lib/gcc/arm-none-eabi/5.4.1/../../../../arm-none-eabi/lib/armv7e-m/crt0.o (__libc_init_array)
/home/book/andey/gcc-arm-none-eabi/bin/../lib/gcc/arm-none-eabi/5.4.1/../../../../arm-none-eabi/lib/armv7e-m/libc.a(lib_a-memset.o)
                              /home/book/andey/gcc-arm-none-eabi/bin/../lib/gcc/arm-none-eabi/5.4.1/../../../../arm-none-eabi/lib/armv7e-m/crt0.o (memset)
/home/book/andey/gcc-arm-none-eabi/bin/../lib/gcc/arm-none-eabi/5.4.1/../../../../arm-none-eabi/lib/armv7e-m/libc.a(lib_a-printf.o)
                              built-in.o (printf)
/home/book/andey/gcc-arm-none-eabi/bin/../lib/gcc/arm-none-eabi/5.4.1/../../../../arm-none-eabi/lib/armv7e-m/libc.a(lib_a-puts.o)
                              built-in.o (puts)
/home/book/andey/gcc-arm-none-eabi/bin/../lib/gcc/arm-none-eabi/5.4.1/../../../../arm-none-eabi/lib/armv7e-m/libc.a(lib_a-reent.o)
                              built-in.o (errno)
/home/book/andey/gcc-arm-none-eabi/bin/../lib/gcc/arm-none-eabi/5.4.1/../../../../arm-none-eabi/lib/armv7e-m/libc.a(lib_a-strlen.o)
                              /home/book/andey/gcc-arm-none-eabi/bin/../lib/gcc/arm-none-eabi/5.4.1/../../../../arm-none-eabi/lib/armv7e-m/libc.a(lib_a-puts.o) (strlen)
/home/book/andey/gcc-arm-none-eabi/bin/../lib/gcc/arm-none-eabi/5.4.1/../../../../arm-none-eabi/lib/armv7e-m/libc.a(lib_a-vfprintf.o)
                              /home/book/andey/gcc-arm-none-eabi/bin/../lib/gcc/arm-none-eabi/5.4.1/../../../../arm-none-eabi/lib/armv7e-m/libc.a(lib_a-printf.o) (_vfprintf_r)
/home/book/andey/gcc-arm-none-eabi/bin/../lib/gcc/arm-none-eabi/5.4.1/../../../../arm-none-eabi/lib/armv7e-m/libc.a(lib_a-wsetup.o)
                              /home/book/andey/gcc-arm-none-eabi/bin/../lib/gcc/arm-none-eabi/5.4.1/../../../../arm-none-eabi/lib/armv7e-m/libc.a(lib_a-vfprintf.o) (__swsetup_r)
/home/book/andey/gcc-arm-none-eabi/bin/../lib/gcc/arm-none-eabi/5.4.1/../../../../arm-none-eabi/lib/armv7e-m/libc.a(lib_a-__call_atexit.o)
                              /home/book/andey/gcc-arm-none-eabi/bin/../lib/gcc/arm-none-eabi/5.4.1/../../../../arm-none-eabi/lib/armv7e-m/libc.a(lib_a-exit.o) (__call_exitprocs)
/home/book/andey/gcc-arm-none-eabi/bin/../lib/gcc/arm-none-eabi/5.4.1/../../../../arm-none-eabi/lib/armv7e-m/libc.a(lib_a-atexit.o)
                              /home/book/andey/gcc-arm-none-eabi/bin/../lib/gcc/arm-none-eabi/5.4.1/../../../../arm-none-eabi/lib/armv7e-m/libc.a(lib_a-__call_atexit.o) (atexit)
/home/book/andey/gcc-arm-none-eabi/bin/../lib/gcc/arm-none-eabi/5.4.1/../../../../arm-none-eabi/lib/armv7e-m/libc.a(lib_a-dtoa.o)
                              /home/book/andey/gcc-arm-none-eabi/bin/../lib/gcc/arm-none-eabi/5.4.1/../../../../arm-none-eabi/lib/armv7e-m/libc.a(lib_a-vfprintf.o) (_dtoa_r)
/home/book/andey/gcc-arm-none-eabi/bin/../lib/gcc/arm-none-eabi/5.4.1/../../../../arm-none-eabi/lib/armv7e-m/libc.a(lib_a-fflush.o)
                              /home/book/andey/gcc-arm-none-eabi/bin/../lib/gcc/arm-none-eabi/5.4.1/../../../../arm-none-eabi/lib/armv7e-m/libc.a(lib_a-vfprintf.o) (_fflush_r)
/home/book/andey/gcc-arm-none-eabi/bin/../lib/gcc/arm-none-eabi/5.4.1/../../../../arm-none-eabi/lib/armv7e-m/libc.a(lib_a-findfp.o)
                              /home/book/andey/gcc-arm-none-eabi/bin/../lib/gcc/arm-none-eabi/5.4.1/../../../../arm-none-eabi/lib/armv7e-m/libc.a(lib_a-puts.o) (__sinit)
/home/book/andey/gcc-arm-none-eabi/bin/../lib/gcc/arm-none-eabi/5.4.1/../../../../arm-none-eabi/lib/armv7e-m/libc.a(lib_a-fini.o)
                              /home/book/andey/gcc-arm-none-eabi/bin/../lib/gcc/arm-none-eabi/5.4.1/../../../../arm-none-eabi/lib/armv7e-m/libc.a(lib_a-__call_atexit.o) (__libc_fini_array)
/home/book/andey/gcc-arm-none-eabi/bin/../lib/gcc/arm-none-eabi/5.4.1/../../../../arm-none-eabi/lib/armv7e-m/libc.a(lib_a-freer.o)
                              /home/book/andey/gcc-arm-none-eabi/bin/../lib/gcc/arm-none-eabi/5.4.1/../../../../arm-none-eabi/lib/armv7e-m/libc.a(lib_a-reent.o) (_free_r)
/home/book/andey/gcc-arm-none-eabi/bin/../lib/gcc/arm-none-eabi/5.4.1/../../../../arm-none-eabi/lib/armv7e-m/libc.a(lib_a-fvwrite.o)
[...]
Memory Configuration

Name             Origin             Length             Attributes
RAM              0x20000000         0x00020000         xrw
CCMRAM           0x10000000         0x00010000         rw
FLASH            0x08000000         0x00080000         xr
*default*        0x00000000         0xffffffff

Linker script and memory map

LOAD /home/book/andey/gcc-arm-none-eabi/bin/../lib/gcc/arm-none-eabi/5.4.1/armv7e-m/crti.o
LOAD /home/book/andey/gcc-arm-none-eabi/bin/../lib/gcc/arm-none-eabi/5.4.1/armv7e-m/crtbegin.o
LOAD /home/book/andey/gcc-arm-none-eabi/bin/../lib/gcc/arm-none-eabi/5.4.1/../../../../arm-none-eabi/lib/armv7e-m/crt0.o
LOAD built-in.o
START GROUP
LOAD /home/book/andey/gcc-arm-none-eabi/bin/../lib/gcc/arm-none-eabi/5.4.1/armv7e-m/libgcc.a
LOAD /home/book/andey/gcc-arm-none-eabi/bin/../lib/gcc/arm-none-eabi/5.4.1/../../../../arm-none-eabi/lib/armv7e-m/libc.a
END GROUP
LOAD /home/book/andey/gcc-arm-none-eabi/bin/../lib/gcc/arm-none-eabi/5.4.1/armv7e-m/crtend.o
LOAD /home/book/andey/gcc-arm-none-eabi/bin/../lib/gcc/arm-none-eabi/5.4.1/armv7e-m/crtn.o
                0x20020000                _estack = 0x20020000
                0x00000200                _Min_Heap_Size = 0x200
                0x00000400                _Min_Stack_Size = 0x400

.isr_vector     0x08000000      0x188
                0x08000000                . = ALIGN (0x4)
 *(.isr_vector)
 .isr_vector    0x08000000      0x188 built-in.o
                0x08000000                g_pfnVectors
                0x08000188                . = ALIGN (0x4)

.text           0x080001c0     0x6a0c
                0x080001c0                . = ALIGN (0x4)
 *(.text)
 .text          0x080001c0       0x5c /home/book/andey/gcc-arm-none-eabi/bin/../lib/gcc/arm-none-eabi/5.4.1/armv7e-m/crtbegin.o
 *fill*         0x0800021c       0x24 
 .text          0x08000240       0xdc /home/book/andey/gcc-arm-none-eabi/bin/../lib/gcc/arm-none-eabi/5.4.1/../../../../arm-none-eabi/lib/armv7e-m/libc.a(lib_a-strlen.o)
                0x08000240                strlen
 *fill*         0x0800031c        0x4 
 .text          0x08000320       0xa0 /home/book/andey/gcc-arm-none-eabi/bin/../lib/gcc/arm-none-eabi/5.4.1/../../../../arm-none-eabi/lib/armv7e-m/libc.a(lib_a-memchr.o)
                0x08000320                memchr
 .text          0x080003c0      0x134 /home/book/andey/gcc-arm-none-eabi/bin/../lib/gcc/arm-none-eabi/5.4.1/../../../../arm-none-eabi/lib/armv7e-m/libc.a(lib_a-memcpy.o)
                0x080003c0                memcpy
 .text          0x080004f4      0x370 /home/book/andey/gcc-arm-none-eabi/bin/../lib/gcc/arm-none-eabi/5.4.1/armv7e-m/libgcc.a(_arm_addsubdf3.o)
                0x080004f4                __aeabi_drsub
                0x080004fc                __aeabi_dsub
                0x080004fc                __subdf3
                0x08000500                __adddf3
                0x08000500                __aeabi_dadd
                0x08000778                __aeabi_ui2d
                0x08000778                __floatunsidf
                0x08000798                __floatsidf
                0x08000798                __aeabi_i2d
                0x080007bc                __extendsfdf2
                0x080007bc                __aeabi_f2d
                0x080007f8                __aeabi_ul2d
                0x080007f8                __floatundidf
                0x08000808                __floatdidf
                0x08000808                __aeabi_l2d
 .text          0x08000864      0x424 /home/book/andey/gcc-arm-none-eabi/bin/../lib/gcc/arm-none-eabi/5.4.1/armv7e-m/libgcc.a(_arm_muldivdf3.o)
                0x08000864                __aeabi_dmul
                0x08000864                __muldf3
                0x08000ab8                __aeabi_ddiv
                0x08000ab8                __divdf3
 .text          0x08000c88      0x110 /home/book/andey/gcc-arm-none-eabi/bin/../lib/gcc/arm-none-eabi/5.4.1/armv7e-m/libgcc.a(_arm_cmpdf2.o)
                0x08000c88                __gtdf2
                0x08000c88                __gedf2
                0x08000c90                __ltdf2
                0x08000c90                __ledf2
                0x08000c98                __cmpdf2
                0x08000c98                __eqdf2
                0x08000c98                __nedf2
                0x08000d14                __aeabi_cdrcmple
                0x08000d24                __aeabi_cdcmple
                0x08000d24                __aeabi_cdcmpeq
                0x08000d34                __aeabi_dcmpeq
                0x08000d48                __aeabi_dcmplt
                0x08000d5c                __aeabi_dcmple
                0x08000d70                __aeabi_dcmpge
                0x08000d84                __aeabi_dcmpgt
 .text          0x08000d98       0x2c /home/book/andey/gcc-arm-none-eabi/bin/../lib/gcc/arm-none-eabi/5.4.1/armv7e-m/libgcc.a(_arm_unorddf2.o)
                0x08000d98                __aeabi_dcmpun
                0x08000d98                __unorddf2
 .text          0x08000dc4       0x50 /home/book/andey/gcc-arm-none-eabi/bin/../lib/gcc/arm-none-eabi/5.4.1/armv7e-m/libgcc.a(_arm_fixdfsi.o)
                0x08000dc4                __fixdfsi
                0x08000dc4                __aeabi_d2iz
 .text          0x08000e14       0x30 /home/book/andey/gcc-arm-none-eabi/bin/../lib/gcc/arm-none-eabi/5.4.1/armv7e-m/libgcc.a(_aeabi_uldivmod.o)
                0x08000e14                __aeabi_uldivmod
 .text          0x08000e44      0x2e4 /home/book/andey/gcc-arm-none-eabi/bin/../lib/gcc/arm-none-eabi/5.4.1/armv7e-m/libgcc.a(_udivmoddi4.o)
                0x08000e44                __udivmoddi4
 .text          0x08001128        0x4 /home/book/andey/gcc-arm-none-eabi/bin/../lib/gcc/arm-none-eabi/5.4.1/armv7e-m/libgcc.a(_dvmd_tls.o)
                0x08001128                __aeabi_ldiv0
                0x08001128                __aeabi_idiv0
 *(.text*)
 .text.usart_gpio_cfg
                0x0800112c       0x58 built-in.o
                0x0800112c                usart_gpio_cfg
 .text.usart_cfg
                0x08001184       0x54 built-in.o
                0x08001184                usart_cfg
 .text.usart_init
                0x080011d8       0x14 built-in.o
                0x080011d8                usart_init
 .text.usart_send_char
                0x080011ec       0x34 built-in.o
                0x080011ec                usart_send_char
 .text.usart_get_char
                0x08001220       0x34 built-in.o
                0x08001220                usart_get_char
 .text._read    0x08001254       0x38 built-in.o
                0x08001254                _read
 .text._write   0x0800128c       0x4c built-in.o
                0x0800128c                _write
 .text._sbrk    0x080012d8       0x5c built-in.o
                0x080012d8                _sbrk
 .text._close   0x08001334       0x18 built-in.o
                0x08001334                _close
 .text._fstat   0x0800134c       0x20 built-in.o
                0x0800134c                _fstat
 .text._isatty  0x0800136c       0x14 built-in.o
                0x0800136c                _isatty
 .text._lseek   0x08001380       0x18 built-in.o
                0x08001380                _lseek
 .text.Delay    0x08001398       0x20 built-in.o
                0x08001398                Delay
 .text.PS2_Init
                0x080013b8       0x58 built-in.o
                0x080013b8                PS2_Init
 .text.PS2_Cmd  0x08001410       0xa4 built-in.o
                0x08001410                PS2_Cmd
 .text.PS2_ReadData
                0x080014b4       0xc8 built-in.o
                0x080014b4                PS2_ReadData
 .text.PS2_DataKey
                0x0800157c       0x74 built-in.o
                0x0800157c                PS2_DataKey
 .text.PS2_AnologData
                0x080015f0       0x20 built-in.o
                0x080015f0                PS2_AnologData
 .text.PS2_ClearData
                0x08001610       0x30 built-in.o
                0x08001610                PS2_ClearData
 .text.PS2_Vibration
                0x08001640       0x70 built-in.o
                0x08001640                PS2_Vibration
 .text.PS2_ShortPoll
                0x080016b0       0x44 built-in.o
                0x080016b0                PS2_ShortPoll
 .text.PS2_EnterConfing
                0x080016f4       0x5c built-in.o
                0x080016f4                PS2_EnterConfing
 .text.PS2_TurnOnAnalogMode
                0x08001750       0x54 built-in.o
                0x08001750                PS2_TurnOnAnalogMode
 .text.PS2_VibrationMode
                0x080017a4       0x44 built-in.o
                0x080017a4                PS2_VibrationMode
 .text.PS2_ExitConfing
                0x080017e8       0x5c built-in.o
                0x080017e8                PS2_ExitConfing
 .text.PS2_SetInit
                0x08001844       0x24 built-in.o
                0x08001844                PS2_SetInit
 .text.NVIC_SetPriority
                0x08001868       0x54 built-in.o
 .text.SysTick_Config
                0x080018bc       0x44 built-in.o
 .text.bsp_systick_configuration
                0x08001900       0x3c built-in.o
                0x08001900                bsp_systick_configuration
 .text.SysTick_Handler
                0x0800193c       0x38 built-in.o
                0x0800193c                SysTick_Handler
 .text.delay_ms
                0x08001974       0x28 built-in.o
                0x08001974                delay_ms
 .text.motor_io_init
                0x0800199c       0x40 built-in.o
                0x0800199c                motor_io_init
 .text.motor_go_former
                0x080019dc       0x20 built-in.o
                0x080019dc                motor_go_former
 .text.motor_go_back
                0x080019fc       0x20 built-in.o
                0x080019fc                motor_go_back
 .text.motor_turn_right
                0x08001a1c       0x20 built-in.o
                0x08001a1c                motor_turn_right
 .text.motor_turn_left
                0x08001a3c       0x20 built-in.o
                0x08001a3c                motor_turn_left
 .text.motor_stop
                0x08001a5c       0x34 built-in.o
                0x08001a5c                motor_stop
 .text.main     0x08001a90      0x118 built-in.o
                0x08001a90                main
 .text.SystemInit
                0x08001ba8       0x5c built-in.o
                0x08001ba8                SystemInit
 .text.SetSysClock
                0x08001c04       0xf4 built-in.o
 .text.Reset_Handler
                0x08001cf8       0x44 built-in.o
                0x08001cf8                Reset_Handler
 .text.Default_Handler
                0x08001d3c        0x2 built-in.o
                0x08001d3c                RTC_Alarm_IRQHandler
                0x08001d3c                HASH_RNG_IRQHandler
                0x08001d3c                EXTI2_IRQHandler
                0x08001d3c                TIM8_CC_IRQHandler
                0x08001d3c                DebugMon_Handler
                0x08001d3c                TIM1_CC_IRQHandler
                0x08001d3c                DMA2_Stream5_IRQHandler
                0x08001d3c                HardFault_Handler
                0x08001d3c                DMA1_Stream5_IRQHandler
                0x08001d3c                PVD_IRQHandler
                0x08001d3c                SDIO_IRQHandler
                0x08001d3c                TAMP_STAMP_IRQHandler
                0x08001d3c                PendSV_Handler
                0x08001d3c                NMI_Handler
                0x08001d3c                CAN2_RX1_IRQHandler
                0x08001d3c                EXTI3_IRQHandler
                0x08001d3c                TIM8_TRG_COM_TIM14_IRQHandler
                0x08001d3c                TIM1_UP_TIM10_IRQHandler
                0x08001d3c                TIM8_UP_TIM13_IRQHandler
                0x08001d3c                I2C3_ER_IRQHandler
                0x08001d3c                EXTI0_IRQHandler
                0x08001d3c                I2C2_EV_IRQHandler
                0x08001d3c                DMA1_Stream2_IRQHandler
                0x08001d3c                CAN1_RX0_IRQHandler
                0x08001d3c                FPU_IRQHandler
                0x08001d3c                OTG_HS_WKUP_IRQHandler
                0x08001d3c                UsageFault_Handler
                0x08001d3c                CAN2_SCE_IRQHandler
                0x08001d3c                DMA2_Stream2_IRQHandler
                0x08001d3c                SPI1_IRQHandler
                0x08001d3c                TIM6_DAC_IRQHandler
                0x08001d3c                TIM1_BRK_TIM9_IRQHandler
                0x08001d3c                DCMI_IRQHandler
                0x08001d3c                CAN2_RX0_IRQHandler
                0x08001d3c                DMA2_Stream3_IRQHandler
                0x08001d3c                USART6_IRQHandler
                0x08001d3c                USART3_IRQHandler
                0x08001d3c                CRYP_IRQHandler
                0x08001d3c                CAN1_RX1_IRQHandler
                0x08001d3c                UART5_IRQHandler
                0x08001d3c                DMA2_Stream0_IRQHandler
                0x08001d3c                TIM4_IRQHandler
                0x08001d3c                I2C1_EV_IRQHandler
                0x08001d3c                DMA1_Stream6_IRQHandler
                0x08001d3c                DMA1_Stream1_IRQHandler
                0x08001d3c                UART4_IRQHandler
                0x08001d3c                TIM3_IRQHandler
                0x08001d3c                RCC_IRQHandler
                0x08001d3c                TIM8_BRK_TIM12_IRQHandler
                0x08001d3c                Default_Handler
                0x08001d3c                EXTI15_10_IRQHandler
                0x08001d3c                ADC_IRQHandler
                0x08001d3c                DMA1_Stream7_IRQHandler
                0x08001d3c                TIM7_IRQHandler
                0x08001d3c                CAN2_TX_IRQHandler
                0x08001d3c                TIM5_IRQHandler
                0x08001d3c                DMA2_Stream7_IRQHandler
                0x08001d3c                I2C3_EV_IRQHandler
                0x08001d3c                EXTI9_5_IRQHandler
                0x08001d3c                RTC_WKUP_IRQHandler
                0x08001d3c                ETH_WKUP_IRQHandler
                0x08001d3c                SPI2_IRQHandler
                0x08001d3c                OTG_HS_EP1_IN_IRQHandler
                0x08001d3c                MemManage_Handler
                0x08001d3c                DMA1_Stream0_IRQHandler
                0x08001d3c                CAN1_TX_IRQHandler
                0x08001d3c                SVC_Handler
                0x08001d3c                EXTI4_IRQHandler
                0x08001d3c                FSMC_IRQHandler
                0x08001d3c                ETH_IRQHandler
                0x08001d3c                OTG_HS_EP1_OUT_IRQHandler
                0x08001d3c                WWDG_IRQHandler
                0x08001d3c                TIM2_IRQHandler
                0x08001d3c                OTG_FS_WKUP_IRQHandler
                0x08001d3c                TIM1_TRG_COM_TIM11_IRQHandler
                0x08001d3c                OTG_HS_IRQHandler
                0x08001d3c                EXTI1_IRQHandler
                0x08001d3c                USART2_IRQHandler
                0x08001d3c                I2C2_ER_IRQHandler
                0x08001d3c                DMA2_Stream1_IRQHandler
                0x08001d3c                CAN1_SCE_IRQHandler
                0x08001d3c                FLASH_IRQHandler
                0x08001d3c                DMA2_Stream4_IRQHandler
                0x08001d3c                BusFault_Handler
                0x08001d3c                USART1_IRQHandler
                0x08001d3c                OTG_FS_IRQHandler
                0x08001d3c                SPI3_IRQHandler
                0x08001d3c                DMA1_Stream4_IRQHandler
                0x08001d3c                I2C1_ER_IRQHandler
                0x08001d3c                DMA2_Stream6_IRQHandler
                0x08001d3c                DMA1_Stream3_IRQHandler
 *fill*         0x08001d3e        0x2 
 .text.GPIO_Init
                0x08001d40      0x11c built-in.o
                0x08001d40                GPIO_Init
 .text.GPIO_PinAFConfig
                0x08001e5c       0x90 built-in.o
                0x08001e5c                GPIO_PinAFConfig
 .text.SysTick_CLKSourceConfig
                0x08001eec       0x38 built-in.o
                0x08001eec                SysTick_CLKSourceConfig
 .text.RCC_GetClocksFreq
                0x08001f24      0x154 built-in.o
                0x08001f24                RCC_GetClocksFreq
 .text.RCC_AHB1PeriphClockCmd
                0x08002078       0x3c built-in.o
                0x08002078                RCC_AHB1PeriphClockCmd
 .text.RCC_APB2PeriphClockCmd
                0x080020b4       0x3c built-in.o
                0x080020b4                RCC_APB2PeriphClockCmd
 .text.USART_Init
                0x080020f0      0x174 built-in.o
                0x080020f0                USART_Init
 .text.USART_Cmd
                0x08002264       0x40 built-in.o
                0x08002264                USART_Cmd
 .text.USART_SendData
                0x080022a4       0x24 built-in.o
                0x080022a4                USART_SendData
 .text.USART_ReceiveData
                0x080022c8       0x20 built-in.o
                0x080022c8                USART_ReceiveData
 .text.USART_GetFlagStatus
                0x080022e8       0x38 built-in.o
                0x080022e8                USART_GetFlagStatus
 .text.memset   0x08002320       0x9c /home/book/andey/gcc-arm-none-eabi/bin/../lib/gcc/arm-none-eabi/5.4.1/../../../../arm-none-eabi/lib/armv7e-m/libc.a(lib_a-memset.o)
                0x08002320                memset
 .text.printf   0x080023bc       0x28 /home/book/andey/gcc-arm-none-eabi/bin/../lib/gcc/arm-none-eabi/5.4.1/../../../../arm-none-eabi/lib/armv7e-m/libc.a(lib_a-printf.o)
                0x080023bc                printf
 .text._puts_r  0x080023e4       0x68 /home/book/andey/gcc-arm-none-eabi/bin/../lib/gcc/arm-none-eabi/5.4.1/../../../../arm-none-eabi/lib/armv7e-m/libc.a(lib_a-puts.o)
                0x080023e4                _puts_r
 .text.puts     0x0800244c       0x10 /home/book/andey/gcc-arm-none-eabi/bin/../lib/gcc/arm-none-eabi/5.4.1/../../../../arm-none-eabi/lib/armv7e-m/libc.a(lib_a-puts.o)
                0x0800244c                puts
 .text._vfprintf_r
                0x0800245c     0x1700 /home/book/andey/gcc-arm-none-eabi/bin/../lib/gcc/arm-none-eabi/5.4.1/../../../../arm-none-eabi/lib/armv7e-m/libc.a(lib_a-vfprintf.o)
                0x0800245c                _vfprintf_r
 .text.__sbprintf
                0x08003b5c       0x6c /home/book/andey/gcc-arm-none-eabi/bin/../lib/gcc/arm-none-eabi/5.4.1/../../../../arm-none-eabi/lib/armv7e-m/libc.a(lib_a-vfprintf.o)
 .text.__swsetup_r
                0x08003bc8       0xc8 /home/book/andey/gcc-arm-none-eabi/bin/../lib/gcc/arm-none-eabi/5.4.1/../../../../arm-none-eabi/lib/armv7e-m/libc.a(lib_a-wsetup.o)
                0x08003bc8                __swsetup_r
 .text.startup.register_fini
                0x08003c90       0x14 /home/book/andey/gcc-arm-none-eabi/bin/../lib/gcc/arm-none-eabi/5.4.1/../../../../arm-none-eabi/lib/armv7e-m/libc.a(lib_a-__call_atexit.o)
 .text.atexit   0x08003ca4        0xc /home/book/andey/gcc-arm-none-eabi/bin/../lib/gcc/arm-none-eabi/5.4.1/../../../../arm-none-eabi/lib/armv7e-m/libc.a(lib_a-atexit.o)
                0x08003ca4                atexit
 .text.quorem   0x08003cb0      0x128 /home/book/andey/gcc-arm-none-eabi/bin/../lib/gcc/arm-none-eabi/5.4.1/../../../../arm-none-eabi/lib/armv7e-m/libc.a(lib_a-dtoa.o)
 .text._dtoa_r  0x08003dd8      0xe58 /home/book/andey/gcc-arm-none-eabi/bin/../lib/gcc/arm-none-eabi/5.4.1/../../../../arm-none-eabi/lib/armv7e-m/libc.a(lib_a-dtoa.o)
                0x08003dd8                _dtoa_r
 .text.__sflush_r
                0x08004c30      0x148 /home/book/andey/gcc-arm-none-eabi/bin/../lib/gcc/arm-none-eabi/5.4.1/../../../../arm-none-eabi/lib/armv7e-m/libc.a(lib_a-fflush.o)
                0x08004c30                __sflush_r
 .text._fflush_r
                0x08004d78       0x2c /home/book/andey/gcc-arm-none-eabi/bin/../lib/gcc/arm-none-eabi/5.4.1/../../../../arm-none-eabi/lib/armv7e-m/libc.a(lib_a-fflush.o)
                0x08004d78                _fflush_r
 .text._cleanup_r
                0x08004da4        0xc /home/book/andey/gcc-arm-none-eabi/bin/../lib/gcc/arm-none-eabi/5.4.1/../../../../arm-none-eabi/lib/armv7e-m/libc.a(lib_a-findfp.o)
                0x08004da4                _cleanup_r
 .text.__sinit.part.1
                0x08004db0       0xf0 /home/book/andey/gcc-arm-none-eabi/bin/../lib/gcc/arm-none-eabi/5.4.1/../../../../arm-none-eabi/lib/armv7e-m/libc.a(lib_a-findfp.o)
 .text.__sinit  0x08004ea0        0xc /home/book/andey/gcc-arm-none-eabi/bin/../lib/gcc/arm-none-eabi/5.4.1/../../../../arm-none-eabi/lib/armv7e-m/libc.a(lib_a-findfp.o)
                0x08004ea0                __sinit
 .text.__sfp_lock_acquire
                0x08004eac        0x4 /home/book/andey/gcc-arm-none-eabi/bin/../lib/gcc/arm-none-eabi/5.4.1/../../../../arm-none-eabi/lib/armv7e-m/libc.a(lib_a-findfp.o)
                0x08004eac                __sfp_lock_acquire
 .text.__sfp_lock_release
                0x08004eb0        0x4 /home/book/andey/gcc-arm-none-eabi/bin/../lib/gcc/arm-none-eabi/5.4.1/../../../../arm-none-eabi/lib/armv7e-m/libc.a(lib_a-findfp.o)
                0x08004eb0                __sfp_lock_release
 .text.__libc_fini_array
                0x08004eb4       0x28 /home/book/andey/gcc-arm-none-eabi/bin/../lib/gcc/arm-none-eabi/5.4.1/../../../../arm-none-eabi/lib/armv7e-m/libc.a(lib_a-fini.o)
                0x08004eb4                __libc_fini_array
 .text._malloc_trim_r
                0x08004edc       0x9c /home/book/andey/gcc-arm-none-eabi/bin/../lib/gcc/arm-none-eabi/5.4.1/../../../../arm-none-eabi/lib/armv7e-m/libc.a(lib_a-freer.o)
                0x08004edc                _malloc_trim_r
 .text._free_r  0x08004f78      0x1d0 /home/book/andey/gcc-arm-none-eabi/bin/../lib/gcc/arm-none-eabi/5.4.1/../../../../arm-none-eabi/lib/armv7e-m/libc.a(lib_a-freer.o)
                0x08004f78                _free_r
 .text.__sfvwrite_r
                0x08005148      0x304 /home/book/andey/gcc-arm-none-eabi/bin/../lib/gcc/arm-none-eabi/5.4.1/../../../../arm-none-eabi/lib/armv7e-m/libc.a(lib_a-fvwrite.o)
                0x08005148                __sfvwrite_r
 .text._fwalk_reent
                0x0800544c       0x54 /home/book/andey/gcc-arm-none-eabi/bin/../lib/gcc/arm-none-eabi/5.4.1/../../../../arm-none-eabi/lib/armv7e-m/libc.a(lib_a-fwalk.o)
                0x0800544c                _fwalk_reent
 .text._localeconv_r
                0x080054a0       0x1c /home/book/andey/gcc-arm-none-eabi/bin/../lib/gcc/arm-none-eabi/5.4.1/../../../../arm-none-eabi/lib/armv7e-m/libc.a(lib_a-localeconv.o)
                0x080054a0                _localeconv_r
 .text.__swhatbuf_r
                0x080054bc       0x60 /home/book/andey/gcc-arm-none-eabi/bin/../lib/gcc/arm-none-eabi/5.4.1/../../../../arm-none-eabi/lib/armv7e-m/libc.a(lib_a-makebuf.o)
                0x080054bc                __swhatbuf_r
 .text.__smakebuf_r
                0x0800551c       0x88 /home/book/andey/gcc-arm-none-eabi/bin/../lib/gcc/arm-none-eabi/5.4.1/../../../../arm-none-eabi/lib/armv7e-m/libc.a(lib_a-makebuf.o)
                0x0800551c                __smakebuf_r
 .text._malloc_r
                0x080055a4      0x570 /home/book/andey/gcc-arm-none-eabi/bin/../lib/gcc/arm-none-eabi/5.4.1/../../../../arm-none-eabi/lib/armv7e-m/libc.a(lib_a-mallocr.o)
                0x080055a4                _malloc_r
 .text.memmove  0x08005b14       0xc8 /home/book/andey/gcc-arm-none-eabi/bin/../lib/gcc/arm-none-eabi/5.4.1/../../../../arm-none-eabi/lib/armv7e-m/libc.a(lib_a-memmove.o)
                0x08005b14                memmove
 .text.__malloc_lock
                0x08005bdc        0x4 /home/book/andey/gcc-arm-none-eabi/bin/../lib/gcc/arm-none-eabi/5.4.1/../../../../arm-none-eabi/lib/armv7e-m/libc.a(lib_a-mlock.o)
                0x08005bdc                __malloc_lock
 .text.__malloc_unlock
                0x08005be0        0x4 /home/book/andey/gcc-arm-none-eabi/bin/../lib/gcc/arm-none-eabi/5.4.1/../../../../arm-none-eabi/lib/armv7e-m/libc.a(lib_a-mlock.o)
                0x08005be0                __malloc_unlock
 .text._Balloc  0x08005be4       0x4c /home/book/andey/gcc-arm-none-eabi/bin/../lib/gcc/arm-none-eabi/5.4.1/../../../../arm-none-eabi/lib/armv7e-m/libc.a(lib_a-mprec.o)
                0x08005be4                _Balloc
 .text._Bfree   0x08005c30       0x14 /home/book/andey/gcc-arm-none-eabi/bin/../lib/gcc/arm-none-eabi/5.4.1/../../../../arm-none-eabi/lib/armv7e-m/libc.a(lib_a-mprec.o)
                0x08005c30                _Bfree
 .text.__multadd
                0x08005c44       0x80 /home/book/andey/gcc-arm-none-eabi/bin/../lib/gcc/arm-none-eabi/5.4.1/../../../../arm-none-eabi/lib/armv7e-m/libc.a(lib_a-mprec.o)
                0x08005c44                __multadd
 .text.__hi0bits
                0x08005cc4       0x40 /home/book/andey/gcc-arm-none-eabi/bin/../lib/gcc/arm-none-eabi/5.4.1/../../../../arm-none-eabi/lib/armv7e-m/libc.a(lib_a-mprec.o)
                0x08005cc4                __hi0bits
 .text.__lo0bits
                0x08005d04       0x5c /home/book/andey/gcc-arm-none-eabi/bin/../lib/gcc/arm-none-eabi/5.4.1/../../../../arm-none-eabi/lib/armv7e-m/libc.a(lib_a-mprec.o)
                0x08005d04                __lo0bits
 .text.__i2b    0x08005d60       0x14 /home/book/andey/gcc-arm-none-eabi/bin/../lib/gcc/arm-none-eabi/5.4.1/../../../../arm-none-eabi/lib/armv7e-m/libc.a(lib_a-mprec.o)
                0x08005d60                __i2b
 .text.__multiply
                0x08005d74      0x130 /home/book/andey/gcc-arm-none-eabi/bin/../lib/gcc/arm-none-eabi/5.4.1/../../../../arm-none-eabi/lib/armv7e-m/libc.a(lib_a-mprec.o)
                0x08005d74                __multiply
 .text.__pow5mult
                0x08005ea4       0xa0 /home/book/andey/gcc-arm-none-eabi/bin/../lib/gcc/arm-none-eabi/5.4.1/../../../../arm-none-eabi/lib/armv7e-m/libc.a(lib_a-mprec.o)
                0x08005ea4                __pow5mult
 .text.__lshift
                0x08005f44       0xb0 /home/book/andey/gcc-arm-none-eabi/bin/../lib/gcc/arm-none-eabi/5.4.1/../../../../arm-none-eabi/lib/armv7e-m/libc.a(lib_a-mprec.o)
                0x08005f44                __lshift
 .text.__mcmp   0x08005ff4       0x40 /home/book/andey/gcc-arm-none-eabi/bin/../lib/gcc/arm-none-eabi/5.4.1/../../../../arm-none-eabi/lib/armv7e-m/libc.a(lib_a-mprec.o)
                0x08005ff4                __mcmp
 .text.__mdiff  0x08006034      0x114 /home/book/andey/gcc-arm-none-eabi/bin/../lib/gcc/arm-none-eabi/5.4.1/../../../../arm-none-eabi/lib/armv7e-m/libc.a(lib_a-mprec.o)
                0x08006034                __mdiff
 .text.__d2b    0x08006148       0xb8 /home/book/andey/gcc-arm-none-eabi/bin/../lib/gcc/arm-none-eabi/5.4.1/../../../../arm-none-eabi/lib/armv7e-m/libc.a(lib_a-mprec.o)
                0x08006148                __d2b
 .text._realloc_r
                0x08006200      0x3e0 /home/book/andey/gcc-arm-none-eabi/bin/../lib/gcc/arm-none-eabi/5.4.1/../../../../arm-none-eabi/lib/armv7e-m/libc.a(lib_a-reallocr.o)
                0x08006200                _realloc_r
 .text._sbrk_r  0x080065e0       0x24 /home/book/andey/gcc-arm-none-eabi/bin/../lib/gcc/arm-none-eabi/5.4.1/../../../../arm-none-eabi/lib/armv7e-m/libc.a(lib_a-sbrkr.o)
                0x080065e0                _sbrk_r
 .text.__sread  0x08006604       0x24 /home/book/andey/gcc-arm-none-eabi/bin/../lib/gcc/arm-none-eabi/5.4.1/../../../../arm-none-eabi/lib/armv7e-m/libc.a(lib_a-stdio.o)
                0x08006604                __sread
 .text.__swrite
                0x08006628       0x3c /home/book/andey/gcc-arm-none-eabi/bin/../lib/gcc/arm-none-eabi/5.4.1/../../../../arm-none-eabi/lib/armv7e-m/libc.a(lib_a-stdio.o)
                0x08006628                __swrite
 .text.__sseek  0x08006664       0x20 /home/book/andey/gcc-arm-none-eabi/bin/../lib/gcc/arm-none-eabi/5.4.1/../../../../arm-none-eabi/lib/armv7e-m/libc.a(lib_a-stdio.o)
                0x08006664                __sseek
 .text.__sclose
                0x08006684        0x8 /home/book/andey/gcc-arm-none-eabi/bin/../lib/gcc/arm-none-eabi/5.4.1/../../../../arm-none-eabi/lib/armv7e-m/libc.a(lib_a-stdio.o)
                0x08006684                __sclose
 .text.__sprint_r.part.0
                0x0800668c       0x78 /home/book/andey/gcc-arm-none-eabi/bin/../lib/gcc/arm-none-eabi/5.4.1/../../../../arm-none-eabi/lib/armv7e-m/libc.a(lib_a-vfiprintf.o)
 .text.__sprint_r
                0x08006704       0x14 /home/book/andey/gcc-arm-none-eabi/bin/../lib/gcc/arm-none-eabi/5.4.1/../../../../arm-none-eabi/lib/armv7e-m/libc.a(lib_a-vfiprintf.o)
                0x08006704                __sprint_r
 .text._write_r
                0x08006718       0x2c /home/book/andey/gcc-arm-none-eabi/bin/../lib/gcc/arm-none-eabi/5.4.1/../../../../arm-none-eabi/lib/armv7e-m/libc.a(lib_a-writer.o)
                0x08006718                _write_r
 .text.__register_exitproc
                0x08006744       0xa4 /home/book/andey/gcc-arm-none-eabi/bin/../lib/gcc/arm-none-eabi/5.4.1/../../../../arm-none-eabi/lib/armv7e-m/libc.a(lib_a-__atexit.o)
                0x08006744                __register_exitproc
 .text._calloc_r
                0x080067e8       0x60 /home/book/andey/gcc-arm-none-eabi/bin/../lib/gcc/arm-none-eabi/5.4.1/../../../../arm-none-eabi/lib/armv7e-m/libc.a(lib_a-callocr.o)
                0x080067e8                _calloc_r
 .text._close_r
                0x08006848       0x24 /home/book/andey/gcc-arm-none-eabi/bin/../lib/gcc/arm-none-eabi/5.4.1/../../../../arm-none-eabi/lib/armv7e-m/libc.a(lib_a-closer.o)
                0x08006848                _close_r
 .text._fclose_r
                0x0800686c       0x84 /home/book/andey/gcc-arm-none-eabi/bin/../lib/gcc/arm-none-eabi/5.4.1/../../../../arm-none-eabi/lib/armv7e-m/libc.a(lib_a-fclose.o)
                0x0800686c                _fclose_r
 .text.__fputwc
                0x080068f0       0x98 /home/book/andey/gcc-arm-none-eabi/bin/../lib/gcc/arm-none-eabi/5.4.1/../../../../arm-none-eabi/lib/armv7e-m/libc.a(lib_a-fputwc.o)
                0x080068f0                __fputwc
 .text._fputwc_r
                0x08006988       0x24 /home/book/andey/gcc-arm-none-eabi/bin/../lib/gcc/arm-none-eabi/5.4.1/../../../../arm-none-eabi/lib/armv7e-m/libc.a(lib_a-fputwc.o)
                0x08006988                _fputwc_r
 .text._fstat_r
                0x080069ac       0x28 /home/book/andey/gcc-arm-none-eabi/bin/../lib/gcc/arm-none-eabi/5.4.1/../../../../arm-none-eabi/lib/armv7e-m/libc.a(lib_a-fstatr.o)
                0x080069ac                _fstat_r
 .text._isatty_r
                0x080069d4       0x24 /home/book/andey/gcc-arm-none-eabi/bin/../lib/gcc/arm-none-eabi/5.4.1/../../../../arm-none-eabi/lib/armv7e-m/libc.a(lib_a-isattyr.o)
                0x080069d4                _isatty_r
 .text.__locale_mb_cur_max
                0x080069f8       0x1c /home/book/andey/gcc-arm-none-eabi/bin/../lib/gcc/arm-none-eabi/5.4.1/../../../../arm-none-eabi/lib/armv7e-m/libc.a(lib_a-locale.o)
                0x080069f8                __locale_mb_cur_max
 .text._lseek_r
                0x08006a14       0x2c /home/book/andey/gcc-arm-none-eabi/bin/../lib/gcc/arm-none-eabi/5.4.1/../../../../arm-none-eabi/lib/armv7e-m/libc.a(lib_a-lseekr.o)
                0x08006a14                _lseek_r
 .text.__ascii_mbtowc
                0x08006a40       0x2c /home/book/andey/gcc-arm-none-eabi/bin/../lib/gcc/arm-none-eabi/5.4.1/../../../../arm-none-eabi/lib/armv7e-m/libc.a(lib_a-mbtowc_r.o)
                0x08006a40                __ascii_mbtowc
 .text._read_r  0x08006a6c       0x2c /home/book/andey/gcc-arm-none-eabi/bin/../lib/gcc/arm-none-eabi/5.4.1/../../../../arm-none-eabi/lib/armv7e-m/libc.a(lib_a-readr.o)
                0x08006a6c                _read_r
 .text.__swbuf_r
                0x08006a98       0xac /home/book/andey/gcc-arm-none-eabi/bin/../lib/gcc/arm-none-eabi/5.4.1/../../../../arm-none-eabi/lib/armv7e-m/libc.a(lib_a-wbuf.o)
                0x08006a98                __swbuf_r
 .text._wcrtomb_r
                0x08006b44       0x54 /home/book/andey/gcc-arm-none-eabi/bin/../lib/gcc/arm-none-eabi/5.4.1/../../../../arm-none-eabi/lib/armv7e-m/libc.a(lib_a-wcrtomb.o)
                0x08006b44                _wcrtomb_r
 .text.__ascii_wctomb
                0x08006b98       0x1c /home/book/andey/gcc-arm-none-eabi/bin/../lib/gcc/arm-none-eabi/5.4.1/../../../../arm-none-eabi/lib/armv7e-m/libc.a(lib_a-wctomb_r.o)
                0x08006b98                __ascii_wctomb
 *(.glue_7)
 .glue_7        0x08006bb4        0x0 linker stubs
 *(.glue_7t)
 .glue_7t       0x08006bb4        0x0 linker stubs
 *(.eh_frame)
 .eh_frame      0x08006bb4        0x0 /home/book/andey/gcc-arm-none-eabi/bin/../lib/gcc/arm-none-eabi/5.4.1/armv7e-m/crtbegin.o
                0x08006bb4                . = ALIGN (0x4)
                0x08006bb4                __testfuntbl_start = .
 *(testfuntbl)
                0x08006bb4                __testfuntbl_end = .
                0x08006bb4                . = ALIGN (0x4)
 *(.init)
 .init          0x08006bb4        0x4 /home/book/andey/gcc-arm-none-eabi/bin/../lib/gcc/arm-none-eabi/5.4.1/armv7e-m/crti.o
                0x08006bb4                _init
 .init          0x08006bb8        0x8 /home/book/andey/gcc-arm-none-eabi/bin/../lib/gcc/arm-none-eabi/5.4.1/armv7e-m/crtn.o
 *(.fini)
 .fini          0x08006bc0        0x4 /home/book/andey/gcc-arm-none-eabi/bin/../lib/gcc/arm-none-eabi/5.4.1/armv7e-m/crti.o
                0x08006bc0                _fini
 .fini          0x08006bc4        0x8 /home/book/andey/gcc-arm-none-eabi/bin/../lib/gcc/arm-none-eabi/5.4.1/armv7e-m/crtn.o
                0x08006bcc                . = ALIGN (0x4)
                0x08006bcc                _etext = .

.vfp11_veneer   0x08006bcc        0x0
 .vfp11_veneer  0x08006bcc        0x0 linker stubs

.v4_bx          0x08006bcc        0x0
 .v4_bx         0x08006bcc        0x0 linker stubs

.iplt           0x08006bcc        0x0
 .iplt          0x08006bcc        0x0 /home/book/andey/gcc-arm-none-eabi/bin/../lib/gcc/arm-none-eabi/5.4.1/armv7e-m/crtbegin.o

.rodata         0x08006bd0      0x2ec
                0x08006bd0                . = ALIGN (0x4)
 *(.rodata)
 .rodata        0x08006bd0       0x57 built-in.o
 *(.rodata*)
 *fill*         0x08006c27        0x1 
 .rodata._global_impure_ptr
                0x08006c28        0x4 /home/book/andey/gcc-arm-none-eabi/bin/../lib/gcc/arm-none-eabi/5.4.1/../../../../arm-none-eabi/lib/armv7e-m/libc.a(lib_a-impure.o)
                0x08006c28                _global_impure_ptr
 .rodata.str1.4
                0x08006c2c        0x2 /home/book/andey/gcc-arm-none-eabi/bin/../lib/gcc/arm-none-eabi/5.4.1/../../../../arm-none-eabi/lib/armv7e-m/libc.a(lib_a-puts.o)
 *fill*         0x08006c2e        0x2 
 .rodata.zeroes.7271
                0x08006c30       0x10 /home/book/andey/gcc-arm-none-eabi/bin/../lib/gcc/arm-none-eabi/5.4.1/../../../../arm-none-eabi/lib/armv7e-m/libc.a(lib_a-vfprintf.o)
 .rodata.str1.4
                0x08006c40       0x42 /home/book/andey/gcc-arm-none-eabi/bin/../lib/gcc/arm-none-eabi/5.4.1/../../../../arm-none-eabi/lib/armv7e-m/libc.a(lib_a-vfprintf.o)
 *fill*         0x08006c82        0x2 
 .rodata.blanks.7270
                0x08006c84       0x10 /home/book/andey/gcc-arm-none-eabi/bin/../lib/gcc/arm-none-eabi/5.4.1/../../../../arm-none-eabi/lib/armv7e-m/libc.a(lib_a-vfprintf.o)
 .rodata.str1.4
                0x08006c94       0x10 /home/book/andey/gcc-arm-none-eabi/bin/../lib/gcc/arm-none-eabi/5.4.1/../../../../arm-none-eabi/lib/armv7e-m/libc.a(lib_a-dtoa.o)
                                 0x12 (size before relaxing)
 *fill*         0x08006ca4        0x4 
 .rodata.__mprec_tens
                0x08006ca8       0xc8 /home/book/andey/gcc-arm-none-eabi/bin/../lib/gcc/arm-none-eabi/5.4.1/../../../../arm-none-eabi/lib/armv7e-m/libc.a(lib_a-mprec.o)
                0x08006ca8                __mprec_tens
 .rodata.p05.6085
                0x08006d70        0xc /home/book/andey/gcc-arm-none-eabi/bin/../lib/gcc/arm-none-eabi/5.4.1/../../../../arm-none-eabi/lib/armv7e-m/libc.a(lib_a-mprec.o)
 *fill*         0x08006d7c        0x4 
 .rodata.__mprec_bigtens
                0x08006d80       0x28 /home/book/andey/gcc-arm-none-eabi/bin/../lib/gcc/arm-none-eabi/5.4.1/../../../../arm-none-eabi/lib/armv7e-m/libc.a(lib_a-mprec.o)
                0x08006d80                __mprec_bigtens
 .rodata.str1.4
                0x08006da8       0x10 /home/book/andey/gcc-arm-none-eabi/bin/../lib/gcc/arm-none-eabi/5.4.1/../../../../arm-none-eabi/lib/armv7e-m/libc.a(lib_a-locale.o)
                                 0x12 (size before relaxing)
 .rodata._ctype_
                0x08006db8      0x101 /home/book/andey/gcc-arm-none-eabi/bin/../lib/gcc/arm-none-eabi/5.4.1/../../../../arm-none-eabi/lib/armv7e-m/libc.a(lib_a-ctype_.o)
                0x08006db8                _ctype_
                0x08006ebc                . = ALIGN (0x4)
 *fill*         0x08006eb9        0x3 

.ARM.extab
 *(.ARM.extab* .gnu.linkonce.armextab.*)

.ARM            0x08006ebc        0x8
                0x08006ebc                __exidx_start = .
 *(.ARM.exidx*)
 .ARM.exidx     0x08006ebc        0x8 /home/book/andey/gcc-arm-none-eabi/bin/../lib/gcc/arm-none-eabi/5.4.1/armv7e-m/libgcc.a(_udivmoddi4.o)
                0x08006ec4                __exidx_end = .

.rel.dyn        0x08006ec4        0x0
 .rel.iplt      0x08006ec4        0x0 /home/book/andey/gcc-arm-none-eabi/bin/../lib/gcc/arm-none-eabi/5.4.1/armv7e-m/crtbegin.o

.preinit_array  0x08006ec4        0x0
                0x08006ec4                PROVIDE (__preinit_array_start, .)
 *(.preinit_array*)
                0x08006ec4                PROVIDE (__preinit_array_end, .)

.init_array     0x08006ec4        0x8
                0x08006ec4                PROVIDE (__init_array_start, .)
 *(SORT(.init_array.*))
 .init_array.00000
                0x08006ec4        0x4 /home/book/andey/gcc-arm-none-eabi/bin/../lib/gcc/arm-none-eabi/5.4.1/../../../../arm-none-eabi/lib/armv7e-m/libc.a(lib_a-__call_atexit.o)
 *(.init_array*)
 .init_array    0x08006ec8        0x4 /home/book/andey/gcc-arm-none-eabi/bin/../lib/gcc/arm-none-eabi/5.4.1/armv7e-m/crtbegin.o
                0x08006ecc                PROVIDE (__init_array_end, .)

.fini_array     0x08006ecc        0x4
                0x08006ecc                PROVIDE (__fini_array_start, .)
 *(SORT(.fini_array.*))
 *(.fini_array*)
 .fini_array    0x08006ecc        0x4 /home/book/andey/gcc-arm-none-eabi/bin/../lib/gcc/arm-none-eabi/5.4.1/armv7e-m/crtbegin.o
                0x08006ed0                PROVIDE (__fini_array_end, .)
                0x08006ed0                _sidata = LOADADDR (.data)

.data           0x20000000      0x9e0 load address 0x08006ed0
                0x20000000                . = ALIGN (0x4)
                0x20000000                _sdata = .
 *(.data)
 *(.data*)
 .data.Comd     0x20000000        0x2 built-in.o
                0x20000000                Comd
 *fill*         0x20000002        0x2 
 .data.MASK     0x20000004       0x20 built-in.o
                0x20000004                MASK
 .data.APBAHBPrescTable
                0x20000024       0x10 built-in.o
 *fill*         0x20000034        0x4 
 .data.impure_data
                0x20000038      0x428 /home/book/andey/gcc-arm-none-eabi/bin/../lib/gcc/arm-none-eabi/5.4.1/../../../../arm-none-eabi/lib/armv7e-m/libc.a(lib_a-impure.o)
 .data._impure_ptr
                0x20000460        0x4 /home/book/andey/gcc-arm-none-eabi/bin/../lib/gcc/arm-none-eabi/5.4.1/../../../../arm-none-eabi/lib/armv7e-m/libc.a(lib_a-impure.o)
                0x20000460                _impure_ptr
 .data.__malloc_av_
                0x20000464      0x408 /home/book/andey/gcc-arm-none-eabi/bin/../lib/gcc/arm-none-eabi/5.4.1/../../../../arm-none-eabi/lib/armv7e-m/libc.a(lib_a-mallocr.o)
                0x20000464                __malloc_av_
 .data.__malloc_trim_threshold
                0x2000086c        0x4 /home/book/andey/gcc-arm-none-eabi/bin/../lib/gcc/arm-none-eabi/5.4.1/../../../../arm-none-eabi/lib/armv7e-m/libc.a(lib_a-mallocr.o)
                0x2000086c                __malloc_trim_threshold
 .data.__malloc_sbrk_base
                0x20000870        0x4 /home/book/andey/gcc-arm-none-eabi/bin/../lib/gcc/arm-none-eabi/5.4.1/../../../../arm-none-eabi/lib/armv7e-m/libc.a(lib_a-mallocr.o)
                0x20000870                __malloc_sbrk_base
 .data.__global_locale
                0x20000874      0x16c /home/book/andey/gcc-arm-none-eabi/bin/../lib/gcc/arm-none-eabi/5.4.1/../../../../arm-none-eabi/lib/armv7e-m/libc.a(lib_a-locale.o)
                0x20000874                __global_locale
                0x200009e0                . = ALIGN (0x4)
                0x200009e0                _edata = .
                0x080078b0                _siccmram = LOADADDR (.ccmram)

.jcr            0x200009e0        0x0 load address 0x080078b0
 .jcr           0x200009e0        0x0 /home/book/andey/gcc-arm-none-eabi/bin/../lib/gcc/arm-none-eabi/5.4.1/armv7e-m/crtbegin.o

.igot.plt       0x200009e0        0x0 load address 0x080078b0
 .igot.plt      0x200009e0        0x0 /home/book/andey/gcc-arm-none-eabi/bin/../lib/gcc/arm-none-eabi/5.4.1/armv7e-m/crtbegin.o

.ccmram         0x10000000        0x0 load address 0x080078b0
                0x10000000                . = ALIGN (0x4)
                0x10000000                _sccmram = .
 *(.ccmram)
 *(.ccmram*)
                0x10000000                . = ALIGN (0x4)
                0x10000000                _eccmram = .
                0x10000000                . = ALIGN (0x4)

.bss            0x200009e0       0x70
                0x200009e0                _sbss = .
                0x200009e0                __bss_start__ = _sbss
 *(.bss)
 .bss           0x200009e0       0x1c /home/book/andey/gcc-arm-none-eabi/bin/../lib/gcc/arm-none-eabi/5.4.1/armv7e-m/crtbegin.o
 *(.bss*)
 .bss.heap_end.5915
                0x200009fc        0x4 built-in.o
 .bss.Data      0x20000a00        0x9 built-in.o
                0x20000a00                Data
 *fill*         0x20000a09        0x3 
 .bss.delay_us_counters
                0x20000a0c        0x4 built-in.o
 .bss.increase_cnts.6907
                0x20000a10        0x4 built-in.o
 .bss.__malloc_max_total_mem
                0x20000a14        0x4 /home/book/andey/gcc-arm-none-eabi/bin/../lib/gcc/arm-none-eabi/5.4.1/../../../../arm-none-eabi/lib/armv7e-m/libc.a(lib_a-mallocr.o)
                0x20000a14                __malloc_max_total_mem
 .bss.__malloc_max_sbrked_mem
                0x20000a18        0x4 /home/book/andey/gcc-arm-none-eabi/bin/../lib/gcc/arm-none-eabi/5.4.1/../../../../arm-none-eabi/lib/armv7e-m/libc.a(lib_a-mallocr.o)
                0x20000a18                __malloc_max_sbrked_mem
 .bss.__malloc_top_pad
                0x20000a1c        0x4 /home/book/andey/gcc-arm-none-eabi/bin/../lib/gcc/arm-none-eabi/5.4.1/../../../../arm-none-eabi/lib/armv7e-m/libc.a(lib_a-mallocr.o)
                0x20000a1c                __malloc_top_pad
 .bss.__malloc_current_mallinfo
                0x20000a20       0x28 /home/book/andey/gcc-arm-none-eabi/bin/../lib/gcc/arm-none-eabi/5.4.1/../../../../arm-none-eabi/lib/armv7e-m/libc.a(lib_a-mallocr.o)
                0x20000a20                __malloc_current_mallinfo
 *(COMMON)
 COMMON         0x20000a48        0x2 built-in.o
                0x20000a48                Handkey
 *fill*         0x20000a4a        0x2 
 COMMON         0x20000a4c        0x4 /home/book/andey/gcc-arm-none-eabi/bin/../lib/gcc/arm-none-eabi/5.4.1/../../../../arm-none-eabi/lib/armv7e-m/libc.a(lib_a-reent.o)
                0x20000a4c                errno
                0x20000a50                . = ALIGN (0x4)
                0x20000a50                _ebss = .
                0x20000a50                __bss_end__ = _ebss

._user_heap_stack
                0x20000a50      0x600
                0x20000a50                . = ALIGN (0x8)
                0x20000a50                PROVIDE (end, .)
                [!provide]                PROVIDE (_end, .)
                0x20000c50                . = (. + _Min_Heap_Size)
 *fill*         0x20000a50      0x200 
                0x20001050                . = (. + _Min_Stack_Size)
 *fill*         0x20000c50      0x400 
                0x20001050                . = ALIGN (0x8)

/DISCARD/
 libc.a(*)
 libm.a(*)
 libgcc.a(*)

.ARM.attributes
                0x00000000       0x2a
 *(.ARM.attributes)
 .ARM.attributes
                0x00000000       0x1e /home/book/andey/gcc-arm-none-eabi/bin/../lib/gcc/arm-none-eabi/5.4.1/armv7e-m/crti.o
 .ARM.attributes
                0x0000001e       0x2e /home/book/andey/gcc-arm-none-eabi/bin/../lib/gcc/arm-none-eabi/5.4.1/armv7e-m/crtbegin.o
 .ARM.attributes
                0x0000004c       0x31 built-in.o
 .ARM.attributes
                0x0000007d       0x2e /home/book/andey/gcc-arm-none-eabi/bin/../lib/gcc/arm-none-eabi/5.4.1/../../../../arm-none-eabi/lib/armv7e-m/libc.a(lib_a-impure.o)
 .ARM.attributes
                0x000000ab       0x2e /home/book/andey/gcc-arm-none-eabi/bin/../lib/gcc/arm-none-eabi/5.4.1/../../../../arm-none-eabi/lib/armv7e-m/libc.a(lib_a-memset.o)
 .ARM.attributes
                0x000000d9       0x2e /home/book/andey/gcc-arm-none-eabi/bin/../lib/gcc/arm-none-eabi/5.4.1/../../../../arm-none-eabi/lib/armv7e-m/libc.a(lib_a-printf.o)
 .ARM.attributes
                0x00000107       0x2e /home/book/andey/gcc-arm-none-eabi/bin/../lib/gcc/arm-none-eabi/5.4.1/../../../../arm-none-eabi/lib/armv7e-m/libc.a(lib_a-puts.o)
 .ARM.attributes
                0x00000135       0x2e /home/book/andey/gcc-arm-none-eabi/bin/../lib/gcc/arm-none-eabi/5.4.1/../../../../arm-none-eabi/lib/armv7e-m/libc.a(lib_a-reent.o)
 .ARM.attributes
                0x00000163       0x1c /home/book/andey/gcc-arm-none-eabi/bin/../lib/gcc/arm-none-eabi/5.4.1/../../../../arm-none-eabi/lib/armv7e-m/libc.a(lib_a-strlen.o)
 .ARM.attributes
                0x0000017f       0x2e /home/book/andey/gcc-arm-none-eabi/bin/../lib/gcc/arm-none-eabi/5.4.1/../../../../arm-none-eabi/lib/armv7e-m/libc.a(lib_a-vfprintf.o)
 .ARM.attributes
                0x000001ad       0x2e /home/book/andey/gcc-arm-none-eabi/bin/../lib/gcc/arm-none-eabi/5.4.1/../../../../arm-none-eabi/lib/armv7e-m/libc.a(lib_a-wsetup.o)
 .ARM.attributes
                0x000001db       0x2e /home/book/andey/gcc-arm-none-eabi/bin/../lib/gcc/arm-none-eabi/5.4.1/../../../../arm-none-eabi/lib/armv7e-m/libc.a(lib_a-__call_atexit.o)
 .ARM.attributes
                0x00000209       0x2e /home/book/andey/gcc-arm-none-eabi/bin/../lib/gcc/arm-none-eabi/5.4.1/../../../../arm-none-eabi/lib/armv7e-m/libc.a(lib_a-atexit.o)
 .ARM.attributes
                0x00000237       0x2e /home/book/andey/gcc-arm-none-eabi/bin/../lib/gcc/arm-none-eabi/5.4.1/../../../../arm-none-eabi/lib/armv7e-m/libc.a(lib_a-dtoa.o)
 .ARM.attributes
                0x00000265       0x2e /home/book/andey/gcc-arm-none-eabi/bin/../lib/gcc/arm-none-eabi/5.4.1/../../../../arm-none-eabi/lib/armv7e-m/libc.a(lib_a-fflush.o)
 .ARM.attributes
                0x00000293       0x2e /home/book/andey/gcc-arm-none-eabi/bin/../lib/gcc/arm-none-eabi/5.4.1/../../../../arm-none-eabi/lib/armv7e-m/libc.a(lib_a-findfp.o)
 .ARM.attributes
                0x000002c1       0x2e /home/book/andey/gcc-arm-none-eabi/bin/../lib/gcc/arm-none-eabi/5.4.1/../../../../arm-none-eabi/lib/armv7e-m/libc.a(lib_a-fini.o)
 .ARM.attributes
                0x000002ef       0x2e /home/book/andey/gcc-arm-none-eabi/bin/../lib/gcc/arm-none-eabi/5.4.1/../../../../arm-none-eabi/lib/armv7e-m/libc.a(lib_a-freer.o)
 .ARM.attributes
                0x0000031d       0x2e /home/book/andey/gcc-arm-none-eabi/bin/../lib/gcc/arm-none-eabi/5.4.1/../../../../arm-none-eabi/lib/armv7e-m/libc.a(lib_a-fvwrite.o)
 .ARM.attributes
                0x0000034b       0x2e /home/book/andey/gcc-arm-none-eabi/bin/../lib/gcc/arm-none-eabi/5.4.1/../../../../arm-none-eabi/lib/armv7e-m/libc.a(lib_a-fwalk.o)
 .ARM.attributes
                0x00000379       0x2e /home/book/andey/gcc-arm-none-eabi/bin/../lib/gcc/arm-none-eabi/5.4.1/../../../../arm-none-eabi/lib/armv7e-m/libc.a(lib_a-localeconv.o)
 .ARM.attributes
                0x000003a7       0x2e /home/book/andey/gcc-arm-none-eabi/bin/../lib/gcc/arm-none-eabi/5.4.1/../../../../arm-none-eabi/lib/armv7e-m/libc.a(lib_a-makebuf.o)
 .ARM.attributes
                0x000003d5       0x2e /home/book/andey/gcc-arm-none-eabi/bin/../lib/gcc/arm-none-eabi/5.4.1/../../../../arm-none-eabi/lib/armv7e-m/libc.a(lib_a-mallocr.o)
 .ARM.attributes
                0x00000403       0x1c /home/book/andey/gcc-arm-none-eabi/bin/../lib/gcc/arm-none-eabi/5.4.1/../../../../arm-none-eabi/lib/armv7e-m/libc.a(lib_a-memchr.o)
 .ARM.attributes
                0x0000041f       0x1c /home/book/andey/gcc-arm-none-eabi/bin/../lib/gcc/arm-none-eabi/5.4.1/../../../../arm-none-eabi/lib/armv7e-m/libc.a(lib_a-memcpy.o)
 .ARM.attributes
                0x0000043b       0x2e /home/book/andey/gcc-arm-none-eabi/bin/../lib/gcc/arm-none-eabi/5.4.1/../../../../arm-none-eabi/lib/armv7e-m/libc.a(lib_a-memmove.o)
 .ARM.attributes
                0x00000469       0x2e /home/book/andey/gcc-arm-none-eabi/bin/../lib/gcc/arm-none-eabi/5.4.1/../../../../arm-none-eabi/lib/armv7e-m/libc.a(lib_a-mlock.o)
 .ARM.attributes
                0x00000497       0x2e /home/book/andey/gcc-arm-none-eabi/bin/../lib/gcc/arm-none-eabi/5.4.1/../../../../arm-none-eabi/lib/armv7e-m/libc.a(lib_a-mprec.o)
 .ARM.attributes
                0x000004c5       0x2e /home/book/andey/gcc-arm-none-eabi/bin/../lib/gcc/arm-none-eabi/5.4.1/../../../../arm-none-eabi/lib/armv7e-m/libc.a(lib_a-reallocr.o)
 .ARM.attributes
                0x000004f3       0x2e /home/book/andey/gcc-arm-none-eabi/bin/../lib/gcc/arm-none-eabi/5.4.1/../../../../arm-none-eabi/lib/armv7e-m/libc.a(lib_a-sbrkr.o)
 .ARM.attributes
                0x00000521       0x2e /home/book/andey/gcc-arm-none-eabi/bin/../lib/gcc/arm-none-eabi/5.4.1/../../../../arm-none-eabi/lib/armv7e-m/libc.a(lib_a-stdio.o)
 .ARM.attributes
                0x0000054f       0x2e /home/book/andey/gcc-arm-none-eabi/bin/../lib/gcc/arm-none-eabi/5.4.1/../../../../arm-none-eabi/lib/armv7e-m/libc.a(lib_a-vfiprintf.o)
 .ARM.attributes
                0x0000057d       0x2e /home/book/andey/gcc-arm-none-eabi/bin/../lib/gcc/arm-none-eabi/5.4.1/../../../../arm-none-eabi/lib/armv7e-m/libc.a(lib_a-writer.o)
 .ARM.attributes
                0x000005ab       0x2e /home/book/andey/gcc-arm-none-eabi/bin/../lib/gcc/arm-none-eabi/5.4.1/../../../../arm-none-eabi/lib/armv7e-m/libc.a(lib_a-__atexit.o)
 .ARM.attributes
                0x000005d9       0x2e /home/book/andey/gcc-arm-none-eabi/bin/../lib/gcc/arm-none-eabi/5.4.1/../../../../arm-none-eabi/lib/armv7e-m/libc.a(lib_a-callocr.o)
 .ARM.attributes
                0x00000607       0x2e /home/book/andey/gcc-arm-none-eabi/bin/../lib/gcc/arm-none-eabi/5.4.1/../../../../arm-none-eabi/lib/armv7e-m/libc.a(lib_a-closer.o)
 .ARM.attributes
                0x00000635       0x2e /home/book/andey/gcc-arm-none-eabi/bin/../lib/gcc/arm-none-eabi/5.4.1/../../../../arm-none-eabi/lib/armv7e-m/libc.a(lib_a-fclose.o)
 .ARM.attributes
                0x00000663       0x2e /home/book/andey/gcc-arm-none-eabi/bin/../lib/gcc/arm-none-eabi/5.4.1/../../../../arm-none-eabi/lib/armv7e-m/libc.a(lib_a-fputwc.o)
 .ARM.attributes
                0x00000691       0x2e /home/book/andey/gcc-arm-none-eabi/bin/../lib/gcc/arm-none-eabi/5.4.1/../../../../arm-none-eabi/lib/armv7e-m/libc.a(lib_a-fstatr.o)
 .ARM.attributes
                0x000006bf       0x2e /home/book/andey/gcc-arm-none-eabi/bin/../lib/gcc/arm-none-eabi/5.4.1/../../../../arm-none-eabi/lib/armv7e-m/libc.a(lib_a-isattyr.o)
 .ARM.attributes
                0x000006ed       0x2e /home/book/andey/gcc-arm-none-eabi/bin/../lib/gcc/arm-none-eabi/5.4.1/../../../../arm-none-eabi/lib/armv7e-m/libc.a(lib_a-locale.o)
 .ARM.attributes
                0x0000071b       0x2e /home/book/andey/gcc-arm-none-eabi/bin/../lib/gcc/arm-none-eabi/5.4.1/../../../../arm-none-eabi/lib/armv7e-m/libc.a(lib_a-lseekr.o)
 .ARM.attributes
                0x00000749       0x2e /home/book/andey/gcc-arm-none-eabi/bin/../lib/gcc/arm-none-eabi/5.4.1/../../../../arm-none-eabi/lib/armv7e-m/libc.a(lib_a-mbtowc_r.o)
 .ARM.attributes
                0x00000777       0x2e /home/book/andey/gcc-arm-none-eabi/bin/../lib/gcc/arm-none-eabi/5.4.1/../../../../arm-none-eabi/lib/armv7e-m/libc.a(lib_a-readr.o)
 .ARM.attributes
                0x000007a5       0x2e /home/book/andey/gcc-arm-none-eabi/bin/../lib/gcc/arm-none-eabi/5.4.1/../../../../arm-none-eabi/lib/armv7e-m/libc.a(lib_a-wbuf.o)
 .ARM.attributes
                0x000007d3       0x2e /home/book/andey/gcc-arm-none-eabi/bin/../lib/gcc/arm-none-eabi/5.4.1/../../../../arm-none-eabi/lib/armv7e-m/libc.a(lib_a-wcrtomb.o)
 .ARM.attributes
                0x00000801       0x2e /home/book/andey/gcc-arm-none-eabi/bin/../lib/gcc/arm-none-eabi/5.4.1/../../../../arm-none-eabi/lib/armv7e-m/libc.a(lib_a-wctomb_r.o)
 .ARM.attributes
                0x0000082f       0x2e /home/book/andey/gcc-arm-none-eabi/bin/../lib/gcc/arm-none-eabi/5.4.1/../../../../arm-none-eabi/lib/armv7e-m/libc.a(lib_a-ctype_.o)
 .ARM.attributes
                0x0000085d       0x1e /home/book/andey/gcc-arm-none-eabi/bin/../lib/gcc/arm-none-eabi/5.4.1/armv7e-m/libgcc.a(_arm_addsubdf3.o)
 .ARM.attributes
                0x0000087b       0x1e /home/book/andey/gcc-arm-none-eabi/bin/../lib/gcc/arm-none-eabi/5.4.1/armv7e-m/libgcc.a(_arm_muldivdf3.o)
 .ARM.attributes
                0x00000899       0x1e /home/book/andey/gcc-arm-none-eabi/bin/../lib/gcc/arm-none-eabi/5.4.1/armv7e-m/libgcc.a(_arm_cmpdf2.o)
 .ARM.attributes
                0x000008b7       0x1e /home/book/andey/gcc-arm-none-eabi/bin/../lib/gcc/arm-none-eabi/5.4.1/armv7e-m/libgcc.a(_arm_unorddf2.o)
 .ARM.attributes
                0x000008d5       0x1e /home/book/andey/gcc-arm-none-eabi/bin/../lib/gcc/arm-none-eabi/5.4.1/armv7e-m/libgcc.a(_arm_fixdfsi.o)
 .ARM.attributes
                0x000008f3       0x1e /home/book/andey/gcc-arm-none-eabi/bin/../lib/gcc/arm-none-eabi/5.4.1/armv7e-m/libgcc.a(_aeabi_uldivmod.o)
 .ARM.attributes
                0x00000911       0x2e /home/book/andey/gcc-arm-none-eabi/bin/../lib/gcc/arm-none-eabi/5.4.1/armv7e-m/libgcc.a(_udivmoddi4.o)
 .ARM.attributes
                0x0000093f       0x1e /home/book/andey/gcc-arm-none-eabi/bin/../lib/gcc/arm-none-eabi/5.4.1/armv7e-m/libgcc.a(_dvmd_tls.o)
 .ARM.attributes
                0x0000095d       0x1e /home/book/andey/gcc-arm-none-eabi/bin/../lib/gcc/arm-none-eabi/5.4.1/armv7e-m/crtn.o
OUTPUT(ps2car.elf elf32-littlearm)

.comment        0x00000000       0x6e
 .comment       0x00000000       0x6e built-in.o
                                0x534 (size before relaxing)

.debug_aranges  0x00000000      0x5c8
 .debug_aranges
                0x00000000      0x5c8 built-in.o

.debug_info     0x00000000     0x4472
 .debug_info    0x00000000     0x4472 built-in.o

.debug_abbrev   0x00000000      0xfce
 .debug_abbrev  0x00000000      0xfce built-in.o

.debug_line     0x00000000     0x1e59
 .debug_line    0x00000000     0x1e59 built-in.o

.debug_frame    0x00000000     0x26a0
 .debug_frame   0x00000000     0x16dc built-in.o
 .debug_frame   0x000016dc       0x34 /home/book/andey/gcc-arm-none-eabi/bin/../lib/gcc/arm-none-eabi/5.4.1/../../../../arm-none-eabi/lib/armv7e-m/libc.a(lib_a-memset.o)
 .debug_frame   0x00001710       0x74 /home/book/andey/gcc-arm-none-eabi/bin/../lib/gcc/arm-none-eabi/5.4.1/../../../../arm-none-eabi/lib/armv7e-m/libc.a(lib_a-printf.o)
 .debug_frame   0x00001784       0x48 /home/book/andey/gcc-arm-none-eabi/bin/../lib/gcc/arm-none-eabi/5.4.1/../../../../arm-none-eabi/lib/armv7e-m/libc.a(lib_a-puts.o)
 .debug_frame   0x000017cc       0x58 /home/book/andey/gcc-arm-none-eabi/bin/../lib/gcc/arm-none-eabi/5.4.1/../../../../arm-none-eabi/lib/armv7e-m/libc.a(lib_a-reent.o)
 .debug_frame   0x00001824       0x88 /home/book/andey/gcc-arm-none-eabi/bin/../lib/gcc/arm-none-eabi/5.4.1/../../../../arm-none-eabi/lib/armv7e-m/libc.a(lib_a-vfprintf.o)
 .debug_frame   0x000018ac       0x2c /home/book/andey/gcc-arm-none-eabi/bin/../lib/gcc/arm-none-eabi/5.4.1/../../../../arm-none-eabi/lib/armv7e-m/libc.a(lib_a-wsetup.o)
 .debug_frame   0x000018d8       0x50 /home/book/andey/gcc-arm-none-eabi/bin/../lib/gcc/arm-none-eabi/5.4.1/../../../../arm-none-eabi/lib/armv7e-m/libc.a(lib_a-__call_atexit.o)
 .debug_frame   0x00001928       0x20 /home/book/andey/gcc-arm-none-eabi/bin/../lib/gcc/arm-none-eabi/5.4.1/../../../../arm-none-eabi/lib/armv7e-m/libc.a(lib_a-atexit.o)
 .debug_frame   0x00001948       0x88 /home/book/andey/gcc-arm-none-eabi/bin/../lib/gcc/arm-none-eabi/5.4.1/../../../../arm-none-eabi/lib/armv7e-m/libc.a(lib_a-dtoa.o)
 .debug_frame   0x000019d0       0x6c /home/book/andey/gcc-arm-none-eabi/bin/../lib/gcc/arm-none-eabi/5.4.1/../../../../arm-none-eabi/lib/armv7e-m/libc.a(lib_a-fflush.o)
 .debug_frame   0x00001a3c      0x124 /home/book/andey/gcc-arm-none-eabi/bin/../lib/gcc/arm-none-eabi/5.4.1/../../../../arm-none-eabi/lib/armv7e-m/libc.a(lib_a-findfp.o)
 .debug_frame   0x00001b60       0x34 /home/book/andey/gcc-arm-none-eabi/bin/../lib/gcc/arm-none-eabi/5.4.1/../../../../arm-none-eabi/lib/armv7e-m/libc.a(lib_a-fini.o)
 .debug_frame   0x00001b94       0x74 /home/book/andey/gcc-arm-none-eabi/bin/../lib/gcc/arm-none-eabi/5.4.1/../../../../arm-none-eabi/lib/armv7e-m/libc.a(lib_a-freer.o)
 .debug_frame   0x00001c08       0x68 /home/book/andey/gcc-arm-none-eabi/bin/../lib/gcc/arm-none-eabi/5.4.1/../../../../arm-none-eabi/lib/armv7e-m/libc.a(lib_a-fvwrite.o)
 .debug_frame   0x00001c70       0x54 /home/book/andey/gcc-arm-none-eabi/bin/../lib/gcc/arm-none-eabi/5.4.1/../../../../arm-none-eabi/lib/armv7e-m/libc.a(lib_a-fwalk.o)
 .debug_frame   0x00001cc4       0x40 /home/book/andey/gcc-arm-none-eabi/bin/../lib/gcc/arm-none-eabi/5.4.1/../../../../arm-none-eabi/lib/armv7e-m/libc.a(lib_a-localeconv.o)
 .debug_frame   0x00001d04       0x68 /home/book/andey/gcc-arm-none-eabi/bin/../lib/gcc/arm-none-eabi/5.4.1/../../../../arm-none-eabi/lib/armv7e-m/libc.a(lib_a-makebuf.o)
 .debug_frame   0x00001d6c       0x58 /home/book/andey/gcc-arm-none-eabi/bin/../lib/gcc/arm-none-eabi/5.4.1/../../../../arm-none-eabi/lib/armv7e-m/libc.a(lib_a-mallocr.o)
 .debug_frame   0x00001dc4       0x30 /home/book/andey/gcc-arm-none-eabi/bin/../lib/gcc/arm-none-eabi/5.4.1/../../../../arm-none-eabi/lib/armv7e-m/libc.a(lib_a-memmove.o)
 .debug_frame   0x00001df4       0x30 /home/book/andey/gcc-arm-none-eabi/bin/../lib/gcc/arm-none-eabi/5.4.1/../../../../arm-none-eabi/lib/armv7e-m/libc.a(lib_a-mlock.o)
 .debug_frame   0x00001e24      0x264 /home/book/andey/gcc-arm-none-eabi/bin/../lib/gcc/arm-none-eabi/5.4.1/../../../../arm-none-eabi/lib/armv7e-m/libc.a(lib_a-mprec.o)
 .debug_frame   0x00002088       0x60 /home/book/andey/gcc-arm-none-eabi/bin/../lib/gcc/arm-none-eabi/5.4.1/../../../../arm-none-eabi/lib/armv7e-m/libc.a(lib_a-reallocr.o)
 .debug_frame   0x000020e8       0x2c /home/book/andey/gcc-arm-none-eabi/bin/../lib/gcc/arm-none-eabi/5.4.1/../../../../arm-none-eabi/lib/armv7e-m/libc.a(lib_a-sbrkr.o)
 .debug_frame   0x00002114       0x88 /home/book/andey/gcc-arm-none-eabi/bin/../lib/gcc/arm-none-eabi/5.4.1/../../../../arm-none-eabi/lib/armv7e-m/libc.a(lib_a-stdio.o)
 .debug_frame   0x0000219c       0xc8 /home/book/andey/gcc-arm-none-eabi/bin/../lib/gcc/arm-none-eabi/5.4.1/../../../../arm-none-eabi/lib/armv7e-m/libc.a(lib_a-vfiprintf.o)
 .debug_frame   0x00002264       0x2c /home/book/andey/gcc-arm-none-eabi/bin/../lib/gcc/arm-none-eabi/5.4.1/../../../../arm-none-eabi/lib/armv7e-m/libc.a(lib_a-writer.o)
 .debug_frame   0x00002290       0x34 /home/book/andey/gcc-arm-none-eabi/bin/../lib/gcc/arm-none-eabi/5.4.1/../../../../arm-none-eabi/lib/armv7e-m/libc.a(lib_a-__atexit.o)
 .debug_frame   0x000022c4       0x28 /home/book/andey/gcc-arm-none-eabi/bin/../lib/gcc/arm-none-eabi/5.4.1/../../../../arm-none-eabi/lib/armv7e-m/libc.a(lib_a-callocr.o)
 .debug_frame   0x000022ec       0x2c /home/book/andey/gcc-arm-none-eabi/bin/../lib/gcc/arm-none-eabi/5.4.1/../../../../arm-none-eabi/lib/armv7e-m/libc.a(lib_a-closer.o)
 .debug_frame   0x00002318       0x44 /home/book/andey/gcc-arm-none-eabi/bin/../lib/gcc/arm-none-eabi/5.4.1/../../../../arm-none-eabi/lib/armv7e-m/libc.a(lib_a-fclose.o)
 .debug_frame   0x0000235c       0x8c /home/book/andey/gcc-arm-none-eabi/bin/../lib/gcc/arm-none-eabi/5.4.1/../../../../arm-none-eabi/lib/armv7e-m/libc.a(lib_a-fputwc.o)
 .debug_frame   0x000023e8       0x2c /home/book/andey/gcc-arm-none-eabi/bin/../lib/gcc/arm-none-eabi/5.4.1/../../../../arm-none-eabi/lib/armv7e-m/libc.a(lib_a-fstatr.o)
 .debug_frame   0x00002414       0x2c /home/book/andey/gcc-arm-none-eabi/bin/../lib/gcc/arm-none-eabi/5.4.1/../../../../arm-none-eabi/lib/armv7e-m/libc.a(lib_a-isattyr.o)
 .debug_frame   0x00002440       0x84 /home/book/andey/gcc-arm-none-eabi/bin/../lib/gcc/arm-none-eabi/5.4.1/../../../../arm-none-eabi/lib/armv7e-m/libc.a(lib_a-locale.o)
 .debug_frame   0x000024c4       0x2c /home/book/andey/gcc-arm-none-eabi/bin/../lib/gcc/arm-none-eabi/5.4.1/../../../../arm-none-eabi/lib/armv7e-m/libc.a(lib_a-lseekr.o)
 .debug_frame   0x000024f0       0x4c /home/book/andey/gcc-arm-none-eabi/bin/../lib/gcc/arm-none-eabi/5.4.1/../../../../arm-none-eabi/lib/armv7e-m/libc.a(lib_a-mbtowc_r.o)
 .debug_frame   0x0000253c       0x2c /home/book/andey/gcc-arm-none-eabi/bin/../lib/gcc/arm-none-eabi/5.4.1/../../../../arm-none-eabi/lib/armv7e-m/libc.a(lib_a-readr.o)
 .debug_frame   0x00002568       0x40 /home/book/andey/gcc-arm-none-eabi/bin/../lib/gcc/arm-none-eabi/5.4.1/../../../../arm-none-eabi/lib/armv7e-m/libc.a(lib_a-wbuf.o)
 .debug_frame   0x000025a8       0x5c /home/book/andey/gcc-arm-none-eabi/bin/../lib/gcc/arm-none-eabi/5.4.1/../../../../arm-none-eabi/lib/armv7e-m/libc.a(lib_a-wcrtomb.o)
 .debug_frame   0x00002604       0x3c /home/book/andey/gcc-arm-none-eabi/bin/../lib/gcc/arm-none-eabi/5.4.1/../../../../arm-none-eabi/lib/armv7e-m/libc.a(lib_a-wctomb_r.o)
 .debug_frame   0x00002640       0x2c /home/book/andey/gcc-arm-none-eabi/bin/../lib/gcc/arm-none-eabi/5.4.1/armv7e-m/libgcc.a(_aeabi_uldivmod.o)
 .debug_frame   0x0000266c       0x34 /home/book/andey/gcc-arm-none-eabi/bin/../lib/gcc/arm-none-eabi/5.4.1/armv7e-m/libgcc.a(_udivmoddi4.o)

.debug_str      0x00000000     0x1bf2
 .debug_str     0x00000000     0x1bf2 built-in.o
                               0x3718 (size before relaxing)

.debug_ranges   0x00000000      0x500
 .debug_ranges  0x00000000      0x500 built-in.o

Cross Reference Table

Symbol                                            File
ADC_IRQHandler                                    built-in.o
AHBPrescTable                                     built-in.o
BusFault_Handler                                  built-in.o
CAN1_RX0_IRQHandler                               built-in.o
CAN1_RX1_IRQHandler                               built-in.o
CAN1_SCE_IRQHandler                               built-in.o
CAN1_TX_IRQHandler                                built-in.o
CAN2_RX0_IRQHandler                               built-in.o
CAN2_RX1_IRQHandler                               built-in.o
CAN2_SCE_IRQHandler                               built-in.o
CAN2_TX_IRQHandler                                built-in.o
CRYP_IRQHandler                                   built-in.o
Comd                                              built-in.o
DCMI_IRQHandler                                   built-in.o
DMA1_Stream0_IRQHandler                           built-in.o
DMA1_Stream1_IRQHandler                           built-in.o
DMA1_Stream2_IRQHandler                           built-in.o
DMA1_Stream3_IRQHandler                           built-in.o
DMA1_Stream4_IRQHandler                           built-in.o
DMA1_Stream5_IRQHandler                           built-in.o
DMA1_Stream6_IRQHandler                           built-in.o
DMA1_Stream7_IRQHandler                           built-in.o
DMA2_Stream0_IRQHandler                           built-in.o
DMA2_Stream1_IRQHandler                           built-in.o
DMA2_Stream2_IRQHandler                           built-in.o
DMA2_Stream3_IRQHandler                           built-in.o
DMA2_Stream4_IRQHandler                           built-in.o
DMA2_Stream5_IRQHandler                           built-in.o
DMA2_Stream6_IRQHandler                           built-in.o
DMA2_Stream7_IRQHandler                           built-in.o
Data                                              built-in.o
DebugMon_Handler                                  built-in.o
Default_Handler                                   built-in.o
Delay                                             built-in.o
ETH_IRQHandler                                    built-in.o
ETH_WKUP_IRQHandler                               built-in.o
EXTI0_IRQHandler                                  built-in.o
EXTI15_10_IRQHandler                              built-in.o
EXTI1_IRQHandler                                  built-in.o
EXTI2_IRQHandler                                  built-in.o
EXTI3_IRQHandler                                  built-in.o
EXTI4_IRQHandler                                  built-in.o
EXTI9_5_IRQHandler                                built-in.o
FLASH_IRQHandler                                  built-in.o
FPU_IRQHandler                                    built-in.o
FSMC_IRQHandler                                   built-in.o
GPIO_DeInit                                       built-in.o
GPIO_Init                                         built-in.o
GPIO_PinAFConfig                                  built-in.o
GPIO_PinLockConfig                                built-in.o
GPIO_ReadInputData                                built-in.o
GPIO_ReadInputDataBit                             built-in.o
GPIO_ReadOutputData                               built-in.o
GPIO_ReadOutputDataBit                            built-in.o
GPIO_ResetBits                                    built-in.o
GPIO_SetBits                                      built-in.o
GPIO_StructInit                                   built-in.o
GPIO_ToggleBits                                   built-in.o
GPIO_Write                                        built-in.o
GPIO_WriteBit                                     built-in.o
HASH_RNG_IRQHandler                               built-in.o
Handkey                                           built-in.o
HardFault_Handler                                 built-in.o
I2C1_ER_IRQHandler                                built-in.o
I2C1_EV_IRQHandler                                built-in.o
I2C2_ER_IRQHandler                                built-in.o
I2C2_EV_IRQHandler                                built-in.o
I2C3_ER_IRQHandler                                built-in.o
I2C3_EV_IRQHandler                                built-in.o
MASK                                              built-in.o
MemManage_Handler                                 built-in.o
NMI_Handler                                       built-in.o
NVIC_Init                                         built-in.o
NVIC_PriorityGroupConfig                          built-in.o
NVIC_SetVectorTable                               built-in.o
NVIC_SystemLPConfig                               built-in.o
OTG_FS_IRQHandler                                 built-in.o
OTG_FS_WKUP_IRQHandler                            built-in.o
OTG_HS_EP1_IN_IRQHandler                          built-in.o
OTG_HS_EP1_OUT_IRQHandler                         built-in.o
OTG_HS_IRQHandler                                 built-in.o
OTG_HS_WKUP_IRQHandler                            built-in.o
PS2_AnologData                                    built-in.o
PS2_ClearData                                     built-in.o
PS2_Cmd                                           built-in.o
PS2_DataKey                                       built-in.o
PS2_EnterConfing                                  built-in.o
PS2_ExitConfing                                   built-in.o
PS2_Init                                          built-in.o
PS2_ReadData                                      built-in.o
PS2_RedLight                                      built-in.o
PS2_SetInit                                       built-in.o
PS2_ShortPoll                                     built-in.o
PS2_TurnOnAnalogMode                              built-in.o
PS2_Vibration                                     built-in.o
PS2_VibrationMode                                 built-in.o
PVD_IRQHandler                                    built-in.o
PendSV_Handler                                    built-in.o
RCC_AHB1PeriphClockCmd                            built-in.o
RCC_AHB1PeriphClockLPModeCmd                      built-in.o
RCC_AHB1PeriphResetCmd                            built-in.o
RCC_AHB2PeriphClockCmd                            built-in.o
RCC_AHB2PeriphClockLPModeCmd                      built-in.o
RCC_AHB2PeriphResetCmd                            built-in.o
RCC_AHB3PeriphClockCmd                            built-in.o
RCC_AHB3PeriphClockLPModeCmd                      built-in.o
RCC_AHB3PeriphResetCmd                            built-in.o
RCC_APB1PeriphClockCmd                            built-in.o
RCC_APB1PeriphClockLPModeCmd                      built-in.o
RCC_APB1PeriphResetCmd                            built-in.o
RCC_APB2PeriphClockCmd                            built-in.o
RCC_APB2PeriphClockLPModeCmd                      built-in.o
RCC_APB2PeriphResetCmd                            built-in.o
RCC_AdjustHSICalibrationValue                     built-in.o
RCC_BackupResetCmd                                built-in.o
RCC_ClearFlag                                     built-in.o
RCC_ClearITPendingBit                             built-in.o
RCC_ClockSecuritySystemCmd                        built-in.o
RCC_DeInit                                        built-in.o
RCC_GetClocksFreq                                 built-in.o
RCC_GetFlagStatus                                 built-in.o
RCC_GetITStatus                                   built-in.o
RCC_GetSYSCLKSource                               built-in.o
RCC_HCLKConfig                                    built-in.o
RCC_HSEConfig                                     built-in.o
RCC_HSICmd                                        built-in.o
RCC_I2SCLKConfig                                  built-in.o
RCC_IRQHandler                                    built-in.o
RCC_ITConfig                                      built-in.o
RCC_LSEConfig                                     built-in.o
RCC_LSICmd                                        built-in.o
RCC_MCO1Config                                    built-in.o
RCC_MCO2Config                                    built-in.o
RCC_PCLK1Config                                   built-in.o
RCC_PCLK2Config                                   built-in.o
RCC_PLLCmd                                        built-in.o
RCC_PLLConfig                                     built-in.o
RCC_PLLI2SCmd                                     built-in.o
RCC_PLLI2SConfig                                  built-in.o
RCC_RTCCLKCmd                                     built-in.o
RCC_RTCCLKConfig                                  built-in.o
RCC_SYSCLKConfig                                  built-in.o
RCC_WaitForHSEStartUp                             built-in.o
RTC_Alarm_IRQHandler                              built-in.o
RTC_WKUP_IRQHandler                               built-in.o
Reset_Handler                                     built-in.o
SDIO_IRQHandler                                   built-in.o
SPI1_IRQHandler                                   built-in.o
SPI2_IRQHandler                                   built-in.o
SPI3_IRQHandler                                   built-in.o
SVC_Handler                                       built-in.o
SysTick_CLKSourceConfig                           built-in.o
SysTick_Handler                                   built-in.o
SystemCoreClock                                   built-in.o
SystemCoreClockUpdate                             built-in.o
SystemInit                                        built-in.o
TAMP_STAMP_IRQHandler                             built-in.o
TIM1_BRK_TIM9_IRQHandler                          built-in.o
TIM1_CC_IRQHandler                                built-in.o
TIM1_TRG_COM_TIM11_IRQHandler                     built-in.o
TIM1_UP_TIM10_IRQHandler                          built-in.o
TIM2_IRQHandler                                   built-in.o
TIM3_IRQHandler                                   built-in.o
TIM4_IRQHandler                                   built-in.o
TIM5_IRQHandler                                   built-in.o
TIM6_DAC_IRQHandler                               built-in.o
TIM7_IRQHandler                                   built-in.o
TIM8_BRK_TIM12_IRQHandler                         built-in.o
TIM8_CC_IRQHandler                                built-in.o
TIM8_TRG_COM_TIM14_IRQHandler                     built-in.o
TIM8_UP_TIM13_IRQHandler                          built-in.o
UART4_IRQHandler                                  built-in.o
UART5_IRQHandler                                  built-in.o
USART1_IRQHandler                                 built-in.o
USART2_IRQHandler                                 built-in.o
USART3_IRQHandler                                 built-in.o
USART6_IRQHandler                                 built-in.o
USART_ClearFlag                                   built-in.o
USART_ClearITPendingBit                           built-in.o
USART_ClockInit                                   built-in.o
USART_ClockStructInit                             built-in.o
USART_Cmd                                         built-in.o
USART_DMACmd                                      built-in.o
USART_DeInit                                      built-in.o
USART_GetFlagStatus                               built-in.o
USART_GetITStatus                                 built-in.o
USART_HalfDuplexCmd                               built-in.o
USART_ITConfig                                    built-in.o
USART_Init                                        built-in.o
USART_IrDACmd                                     built-in.o
USART_IrDAConfig                                  built-in.o
USART_LINBreakDetectLengthConfig                  built-in.o
USART_LINCmd                                      built-in.o
USART_OneBitMethodCmd                             built-in.o
USART_OverSampling8Cmd                            built-in.o
USART_ReceiveData                                 built-in.o
USART_ReceiverWakeUpCmd                           built-in.o
USART_SendBreak                                   built-in.o
USART_SendData                                    built-in.o
USART_SetAddress                                  built-in.o
USART_SetGuardTime                                built-in.o
USART_SetPrescaler                                built-in.o
USART_SmartCardCmd                                built-in.o
USART_SmartCardNACKCmd                            built-in.o
USART_StructInit                                  built-in.o
USART_WakeUpConfig                                built-in.o
UsageFault_Handler                                built-in.o
WWDG_IRQHandler                                   built-in.o
_Balloc                                           /home/book/andey/gcc-arm-none-eabi/bin/../lib/gcc/arm-none-eabi/5.4.1/../../../../arm-none-eabi/lib/armv7e-m/libc.a(lib_a-mprec.o)
                                                  /home/book/andey/gcc-arm-none-eabi/bin/../lib/gcc/arm-none-eabi/5.4.1/../../../../arm-none-eabi/lib/armv7e-m/libc.a(lib_a-dtoa.o)
_Bfree                                            /home/book/andey/gcc-arm-none-eabi/bin/../lib/gcc/arm-none-eabi/5.4.1/../../../../arm-none-eabi/lib/armv7e-m/libc.a(lib_a-mprec.o)
                                                  /home/book/andey/gcc-arm-none-eabi/bin/../lib/gcc/arm-none-eabi/5.4.1/../../../../arm-none-eabi/lib/armv7e-m/libc.a(lib_a-dtoa.o)
_Jv_RegisterClasses                               /home/book/andey/gcc-arm-none-eabi/bin/../lib/gcc/arm-none-eabi/5.4.1/armv7e-m/crtbegin.o
_PathLocale                                       /home/book/andey/gcc-arm-none-eabi/bin/../lib/gcc/arm-none-eabi/5.4.1/../../../../arm-none-eabi/lib/armv7e-m/libc.a(lib_a-locale.o)
__adddf3                                          /home/book/andey/gcc-arm-none-eabi/bin/../lib/gcc/arm-none-eabi/5.4.1/armv7e-m/libgcc.a(_arm_addsubdf3.o)
__aeabi_cdcmpeq                                   /home/book/andey/gcc-arm-none-eabi/bin/../lib/gcc/arm-none-eabi/5.4.1/armv7e-m/libgcc.a(_arm_cmpdf2.o)
__aeabi_cdcmple                                   /home/book/andey/gcc-arm-none-eabi/bin/../lib/gcc/arm-none-eabi/5.4.1/armv7e-m/libgcc.a(_arm_cmpdf2.o)
__aeabi_cdrcmple                                  /home/book/andey/gcc-arm-none-eabi/bin/../lib/gcc/arm-none-eabi/5.4.1/armv7e-m/libgcc.a(_arm_cmpdf2.o)
__aeabi_d2iz                                      /home/book/andey/gcc-arm-none-eabi/bin/../lib/gcc/arm-none-eabi/5.4.1/armv7e-m/libgcc.a(_arm_fixdfsi.o)
                                                  /home/book/andey/gcc-arm-none-eabi/bin/../lib/gcc/arm-none-eabi/5.4.1/../../../../arm-none-eabi/lib/armv7e-m/libc.a(lib_a-dtoa.o)
__aeabi_dadd                                      /home/book/andey/gcc-arm-none-eabi/bin/../lib/gcc/arm-none-eabi/5.4.1/armv7e-m/libgcc.a(_arm_addsubdf3.o)
                                                  /home/book/andey/gcc-arm-none-eabi/bin/../lib/gcc/arm-none-eabi/5.4.1/../../../../arm-none-eabi/lib/armv7e-m/libc.a(lib_a-dtoa.o)
__aeabi_dcmpeq                                    /home/book/andey/gcc-arm-none-eabi/bin/../lib/gcc/arm-none-eabi/5.4.1/armv7e-m/libgcc.a(_arm_cmpdf2.o)
                                                  /home/book/andey/gcc-arm-none-eabi/bin/../lib/gcc/arm-none-eabi/5.4.1/../../../../arm-none-eabi/lib/armv7e-m/libc.a(lib_a-dtoa.o)
                                                  /home/book/andey/gcc-arm-none-eabi/bin/../lib/gcc/arm-none-eabi/5.4.1/../../../../arm-none-eabi/lib/armv7e-m/libc.a(lib_a-vfprintf.o)
__aeabi_dcmpge                                    /home/book/andey/gcc-arm-none-eabi/bin/../lib/gcc/arm-none-eabi/5.4.1/armv7e-m/libgcc.a(_arm_cmpdf2.o)
                                                  /home/book/andey/gcc-arm-none-eabi/bin/../lib/gcc/arm-none-eabi/5.4.1/../../../../arm-none-eabi/lib/armv7e-m/libc.a(lib_a-dtoa.o)
__aeabi_dcmpgt                                    /home/book/andey/gcc-arm-none-eabi/bin/../lib/gcc/arm-none-eabi/5.4.1/armv7e-m/libgcc.a(_arm_cmpdf2.o)
                                                  /home/book/andey/gcc-arm-none-eabi/bin/../lib/gcc/arm-none-eabi/5.4.1/../../../../arm-none-eabi/lib/armv7e-m/libc.a(lib_a-dtoa.o)
__aeabi_dcmple                                    /home/book/andey/gcc-arm-none-eabi/bin/../lib/gcc/arm-none-eabi/5.4.1/armv7e-m/libgcc.a(_arm_cmpdf2.o)
                                                  /home/book/andey/gcc-arm-none-eabi/bin/../lib/gcc/arm-none-eabi/5.4.1/../../../../arm-none-eabi/lib/armv7e-m/libc.a(lib_a-vfprintf.o)
__aeabi_dcmplt                                    /home/book/andey/gcc-arm-none-eabi/bin/../lib/gcc/arm-none-eabi/5.4.1/armv7e-m/libgcc.a(_arm_cmpdf2.o)
                                                  /home/book/andey/gcc-arm-none-eabi/bin/../lib/gcc/arm-none-eabi/5.4.1/../../../../arm-none-eabi/lib/armv7e-m/libc.a(lib_a-dtoa.o)
                                                  /home/book/andey/gcc-arm-none-eabi/bin/../lib/gcc/arm-none-eabi/5.4.1/../../../../arm-none-eabi/lib/armv7e-m/libc.a(lib_a-vfprintf.o)
__aeabi_dcmpun                                    /home/book/andey/gcc-arm-none-eabi/bin/../lib/gcc/arm-none-eabi/5.4.1/armv7e-m/libgcc.a(_arm_unorddf2.o)
                                                  /home/book/andey/gcc-arm-none-eabi/bin/../lib/gcc/arm-none-eabi/5.4.1/../../../../arm-none-eabi/lib/armv7e-m/libc.a(lib_a-vfprintf.o)
__aeabi_ddiv                                      /home/book/andey/gcc-arm-none-eabi/bin/../lib/gcc/arm-none-eabi/5.4.1/armv7e-m/libgcc.a(_arm_muldivdf3.o)
                                                  /home/book/andey/gcc-arm-none-eabi/bin/../lib/gcc/arm-none-eabi/5.4.1/../../../../arm-none-eabi/lib/armv7e-m/libc.a(lib_a-mprec.o)
                                                  /home/book/andey/gcc-arm-none-eabi/bin/../lib/gcc/arm-none-eabi/5.4.1/../../../../arm-none-eabi/lib/armv7e-m/libc.a(lib_a-dtoa.o)
__aeabi_dmul                                      /home/book/andey/gcc-arm-none-eabi/bin/../lib/gcc/arm-none-eabi/5.4.1/armv7e-m/libgcc.a(_arm_muldivdf3.o)
                                                  /home/book/andey/gcc-arm-none-eabi/bin/../lib/gcc/arm-none-eabi/5.4.1/../../../../arm-none-eabi/lib/armv7e-m/libc.a(lib_a-mprec.o)
                                                  /home/book/andey/gcc-arm-none-eabi/bin/../lib/gcc/arm-none-eabi/5.4.1/../../../../arm-none-eabi/lib/armv7e-m/libc.a(lib_a-dtoa.o)
__aeabi_drsub                                     /home/book/andey/gcc-arm-none-eabi/bin/../lib/gcc/arm-none-eabi/5.4.1/armv7e-m/libgcc.a(_arm_addsubdf3.o)
__aeabi_dsub                                      /home/book/andey/gcc-arm-none-eabi/bin/../lib/gcc/arm-none-eabi/5.4.1/armv7e-m/libgcc.a(_arm_addsubdf3.o)
                                                  /home/book/andey/gcc-arm-none-eabi/bin/../lib/gcc/arm-none-eabi/5.4.1/../../../../arm-none-eabi/lib/armv7e-m/libc.a(lib_a-dtoa.o)
__aeabi_f2d                                       /home/book/andey/gcc-arm-none-eabi/bin/../lib/gcc/arm-none-eabi/5.4.1/armv7e-m/libgcc.a(_arm_addsubdf3.o)
__aeabi_i2d                                       /home/book/andey/gcc-arm-none-eabi/bin/../lib/gcc/arm-none-eabi/5.4.1/armv7e-m/libgcc.a(_arm_addsubdf3.o)
                                                  /home/book/andey/gcc-arm-none-eabi/bin/../lib/gcc/arm-none-eabi/5.4.1/../../../../arm-none-eabi/lib/armv7e-m/libc.a(lib_a-dtoa.o)
__aeabi_idiv0                                     /home/book/andey/gcc-arm-none-eabi/bin/../lib/gcc/arm-none-eabi/5.4.1/armv7e-m/libgcc.a(_dvmd_tls.o)
__aeabi_l2d                                       /home/book/andey/gcc-arm-none-eabi/bin/../lib/gcc/arm-none-eabi/5.4.1/armv7e-m/libgcc.a(_arm_addsubdf3.o)
__aeabi_ldiv0                                     /home/book/andey/gcc-arm-none-eabi/bin/../lib/gcc/arm-none-eabi/5.4.1/armv7e-m/libgcc.a(_dvmd_tls.o)
                                                  /home/book/andey/gcc-arm-none-eabi/bin/../lib/gcc/arm-none-eabi/5.4.1/armv7e-m/libgcc.a(_aeabi_uldivmod.o)
__aeabi_ui2d                                      /home/book/andey/gcc-arm-none-eabi/bin/../lib/gcc/arm-none-eabi/5.4.1/armv7e-m/libgcc.a(_arm_addsubdf3.o)
                                                  /home/book/andey/gcc-arm-none-eabi/bin/../lib/gcc/arm-none-eabi/5.4.1/../../../../arm-none-eabi/lib/armv7e-m/libc.a(lib_a-dtoa.o)
__aeabi_ul2d                                      /home/book/andey/gcc-arm-none-eabi/bin/../lib/gcc/arm-none-eabi/5.4.1/armv7e-m/libgcc.a(_arm_addsubdf3.o)
__aeabi_uldivmod                                  /home/book/andey/gcc-arm-none-eabi/bin/../lib/gcc/arm-none-eabi/5.4.1/armv7e-m/libgcc.a(_aeabi_uldivmod.o)
                                                  /home/book/andey/gcc-arm-none-eabi/bin/../lib/gcc/arm-none-eabi/5.4.1/../../../../arm-none-eabi/lib/armv7e-m/libc.a(lib_a-vfiprintf.o)
                                                  /home/book/andey/gcc-arm-none-eabi/bin/../lib/gcc/arm-none-eabi/5.4.1/../../../../arm-none-eabi/lib/armv7e-m/libc.a(lib_a-vfprintf.o)
__any_on                                          /home/book/andey/gcc-arm-none-eabi/bin/../lib/gcc/arm-none-eabi/5.4.1/../../../../arm-none-eabi/lib/armv7e-m/libc.a(lib_a-mprec.o)
__ascii_mbtowc                                    /home/book/andey/gcc-arm-none-eabi/bin/../lib/gcc/arm-none-eabi/5.4.1/../../../../arm-none-eabi/lib/armv7e-m/libc.a(lib_a-mbtowc_r.o)
                                                  /home/book/andey/gcc-arm-none-eabi/bin/../lib/gcc/arm-none-eabi/5.4.1/../../../../arm-none-eabi/lib/armv7e-m/libc.a(lib_a-locale.o)
__ascii_wctomb                                    /home/book/andey/gcc-arm-none-eabi/bin/../lib/gcc/arm-none-eabi/5.4.1/../../../../arm-none-eabi/lib/armv7e-m/libc.a(lib_a-wctomb_r.o)
                                                  /home/book/andey/gcc-arm-none-eabi/bin/../lib/gcc/arm-none-eabi/5.4.1/../../../../arm-none-eabi/lib/armv7e-m/libc.a(lib_a-locale.o)
__b2d                                             /home/book/andey/gcc-arm-none-eabi/bin/../lib/gcc/arm-none-eabi/5.4.1/../../../../arm-none-eabi/lib/armv7e-m/libc.a(lib_a-mprec.o)
__bss_end__                                       /home/book/andey/gcc-arm-none-eabi/bin/../lib/gcc/arm-none-eabi/5.4.1/../../../../arm-none-eabi/lib/armv7e-m/crt0.o
__bss_start__                                     /home/book/andey/gcc-arm-none-eabi/bin/../lib/gcc/arm-none-eabi/5.4.1/../../../../arm-none-eabi/lib/armv7e-m/crt0.o
__call_exitprocs                                  /home/book/andey/gcc-arm-none-eabi/bin/../lib/gcc/arm-none-eabi/5.4.1/../../../../arm-none-eabi/lib/armv7e-m/libc.a(lib_a-__call_atexit.o)
                                                  /home/book/andey/gcc-arm-none-eabi/bin/../lib/gcc/arm-none-eabi/5.4.1/../../../../arm-none-eabi/lib/armv7e-m/libc.a(lib_a-exit.o)
__cmpdf2                                          /home/book/andey/gcc-arm-none-eabi/bin/../lib/gcc/arm-none-eabi/5.4.1/armv7e-m/libgcc.a(_arm_cmpdf2.o)
__copybits                                        /home/book/andey/gcc-arm-none-eabi/bin/../lib/gcc/arm-none-eabi/5.4.1/../../../../arm-none-eabi/lib/armv7e-m/libc.a(lib_a-mprec.o)
__d2b                                             /home/book/andey/gcc-arm-none-eabi/bin/../lib/gcc/arm-none-eabi/5.4.1/../../../../arm-none-eabi/lib/armv7e-m/libc.a(lib_a-mprec.o)
                                                  /home/book/andey/gcc-arm-none-eabi/bin/../lib/gcc/arm-none-eabi/5.4.1/../../../../arm-none-eabi/lib/armv7e-m/libc.a(lib_a-dtoa.o)
__deregister_frame_info                           /home/book/andey/gcc-arm-none-eabi/bin/../lib/gcc/arm-none-eabi/5.4.1/armv7e-m/crtbegin.o
__divdf3                                          /home/book/andey/gcc-arm-none-eabi/bin/../lib/gcc/arm-none-eabi/5.4.1/armv7e-m/libgcc.a(_arm_muldivdf3.o)
__dso_handle                                      /home/book/andey/gcc-arm-none-eabi/bin/../lib/gcc/arm-none-eabi/5.4.1/armv7e-m/crtbegin.o
__env                                             built-in.o
__eqdf2                                           /home/book/andey/gcc-arm-none-eabi/bin/../lib/gcc/arm-none-eabi/5.4.1/armv7e-m/libgcc.a(_arm_cmpdf2.o)
__extendsfdf2                                     /home/book/andey/gcc-arm-none-eabi/bin/../lib/gcc/arm-none-eabi/5.4.1/armv7e-m/libgcc.a(_arm_addsubdf3.o)
__fini_array_end                                  /home/book/andey/gcc-arm-none-eabi/bin/../lib/gcc/arm-none-eabi/5.4.1/../../../../arm-none-eabi/lib/armv7e-m/libc.a(lib_a-fini.o)
__fini_array_start                                /home/book/andey/gcc-arm-none-eabi/bin/../lib/gcc/arm-none-eabi/5.4.1/../../../../arm-none-eabi/lib/armv7e-m/libc.a(lib_a-fini.o)
__fixdfsi                                         /home/book/andey/gcc-arm-none-eabi/bin/../lib/gcc/arm-none-eabi/5.4.1/armv7e-m/libgcc.a(_arm_fixdfsi.o)
__floatdidf                                       /home/book/andey/gcc-arm-none-eabi/bin/../lib/gcc/arm-none-eabi/5.4.1/armv7e-m/libgcc.a(_arm_addsubdf3.o)
__floatsidf                                       /home/book/andey/gcc-arm-none-eabi/bin/../lib/gcc/arm-none-eabi/5.4.1/armv7e-m/libgcc.a(_arm_addsubdf3.o)
__floatundidf                                     /home/book/andey/gcc-arm-none-eabi/bin/../lib/gcc/arm-none-eabi/5.4.1/armv7e-m/libgcc.a(_arm_addsubdf3.o)
__floatunsidf                                     /home/book/andey/gcc-arm-none-eabi/bin/../lib/gcc/arm-none-eabi/5.4.1/armv7e-m/libgcc.a(_arm_addsubdf3.o)
__fp_lock_all                                     /home/book/andey/gcc-arm-none-eabi/bin/../lib/gcc/arm-none-eabi/5.4.1/../../../../arm-none-eabi/lib/armv7e-m/libc.a(lib_a-findfp.o)
__fp_unlock_all                                   /home/book/andey/gcc-arm-none-eabi/bin/../lib/gcc/arm-none-eabi/5.4.1/../../../../arm-none-eabi/lib/armv7e-m/libc.a(lib_a-findfp.o)
__fputwc                                          /home/book/andey/gcc-arm-none-eabi/bin/../lib/gcc/arm-none-eabi/5.4.1/../../../../arm-none-eabi/lib/armv7e-m/libc.a(lib_a-fputwc.o)
__gedf2                                           /home/book/andey/gcc-arm-none-eabi/bin/../lib/gcc/arm-none-eabi/5.4.1/armv7e-m/libgcc.a(_arm_cmpdf2.o)
__global_locale                                   /home/book/andey/gcc-arm-none-eabi/bin/../lib/gcc/arm-none-eabi/5.4.1/../../../../arm-none-eabi/lib/armv7e-m/libc.a(lib_a-locale.o)
                                                  /home/book/andey/gcc-arm-none-eabi/bin/../lib/gcc/arm-none-eabi/5.4.1/../../../../arm-none-eabi/lib/armv7e-m/libc.a(lib_a-wctomb_r.o)
                                                  /home/book/andey/gcc-arm-none-eabi/bin/../lib/gcc/arm-none-eabi/5.4.1/../../../../arm-none-eabi/lib/armv7e-m/libc.a(lib_a-wcrtomb.o)
                                                  /home/book/andey/gcc-arm-none-eabi/bin/../lib/gcc/arm-none-eabi/5.4.1/../../../../arm-none-eabi/lib/armv7e-m/libc.a(lib_a-mbtowc_r.o)
                                                  /home/book/andey/gcc-arm-none-eabi/bin/../lib/gcc/arm-none-eabi/5.4.1/../../../../arm-none-eabi/lib/armv7e-m/libc.a(lib_a-localeconv.o)
__gtdf2                                           /home/book/andey/gcc-arm-none-eabi/bin/../lib/gcc/arm-none-eabi/5.4.1/armv7e-m/libgcc.a(_arm_cmpdf2.o)
__hi0bits                                         /home/book/andey/gcc-arm-none-eabi/bin/../lib/gcc/arm-none-eabi/5.4.1/../../../../arm-none-eabi/lib/armv7e-m/libc.a(lib_a-mprec.o)
                                                  /home/book/andey/gcc-arm-none-eabi/bin/../lib/gcc/arm-none-eabi/5.4.1/../../../../arm-none-eabi/lib/armv7e-m/libc.a(lib_a-dtoa.o)
__i2b                                             /home/book/andey/gcc-arm-none-eabi/bin/../lib/gcc/arm-none-eabi/5.4.1/../../../../arm-none-eabi/lib/armv7e-m/libc.a(lib_a-mprec.o)
                                                  /home/book/andey/gcc-arm-none-eabi/bin/../lib/gcc/arm-none-eabi/5.4.1/../../../../arm-none-eabi/lib/armv7e-m/libc.a(lib_a-dtoa.o)
__init_array_end                                  /home/book/andey/gcc-arm-none-eabi/bin/../lib/gcc/arm-none-eabi/5.4.1/../../../../arm-none-eabi/lib/armv7e-m/libc.a(lib_a-init.o)
__init_array_start                                /home/book/andey/gcc-arm-none-eabi/bin/../lib/gcc/arm-none-eabi/5.4.1/../../../../arm-none-eabi/lib/armv7e-m/libc.a(lib_a-init.o)
__ledf2                                           /home/book/andey/gcc-arm-none-eabi/bin/../lib/gcc/arm-none-eabi/5.4.1/armv7e-m/libgcc.a(_arm_cmpdf2.o)
__libc_fini                                       /home/book/andey/gcc-arm-none-eabi/bin/../lib/gcc/arm-none-eabi/5.4.1/../../../../arm-none-eabi/lib/armv7e-m/libc.a(lib_a-__call_atexit.o)
__libc_fini_array                                 /home/book/andey/gcc-arm-none-eabi/bin/../lib/gcc/arm-none-eabi/5.4.1/../../../../arm-none-eabi/lib/armv7e-m/libc.a(lib_a-fini.o)
                                                  /home/book/andey/gcc-arm-none-eabi/bin/../lib/gcc/arm-none-eabi/5.4.1/../../../../arm-none-eabi/lib/armv7e-m/libc.a(lib_a-__call_atexit.o)
                                                  /home/book/andey/gcc-arm-none-eabi/bin/../lib/gcc/arm-none-eabi/5.4.1/../../../../arm-none-eabi/lib/armv7e-m/crt0.o
__libc_init_array                                 /home/book/andey/gcc-arm-none-eabi/bin/../lib/gcc/arm-none-eabi/5.4.1/../../../../arm-none-eabi/lib/armv7e-m/libc.a(lib_a-init.o)
                                                  /home/book/andey/gcc-arm-none-eabi/bin/../lib/gcc/arm-none-eabi/5.4.1/../../../../arm-none-eabi/lib/armv7e-m/crt0.o
__lo0bits                                         /home/book/andey/gcc-arm-none-eabi/bin/../lib/gcc/arm-none-eabi/5.4.1/../../../../arm-none-eabi/lib/armv7e-m/libc.a(lib_a-mprec.o)
__locale_ctype_ptr                                /home/book/andey/gcc-arm-none-eabi/bin/../lib/gcc/arm-none-eabi/5.4.1/../../../../arm-none-eabi/lib/armv7e-m/libc.a(lib_a-locale.o)
__locale_ctype_ptr_l                              /home/book/andey/gcc-arm-none-eabi/bin/../lib/gcc/arm-none-eabi/5.4.1/../../../../arm-none-eabi/lib/armv7e-m/libc.a(lib_a-locale.o)
__locale_mb_cur_max                               /home/book/andey/gcc-arm-none-eabi/bin/../lib/gcc/arm-none-eabi/5.4.1/../../../../arm-none-eabi/lib/armv7e-m/libc.a(lib_a-locale.o)
                                                  /home/book/andey/gcc-arm-none-eabi/bin/../lib/gcc/arm-none-eabi/5.4.1/../../../../arm-none-eabi/lib/armv7e-m/libc.a(lib_a-fputwc.o)
__localeconv_l                                    /home/book/andey/gcc-arm-none-eabi/bin/../lib/gcc/arm-none-eabi/5.4.1/../../../../arm-none-eabi/lib/armv7e-m/libc.a(lib_a-localeconv.o)
__lshift                                          /home/book/andey/gcc-arm-none-eabi/bin/../lib/gcc/arm-none-eabi/5.4.1/../../../../arm-none-eabi/lib/armv7e-m/libc.a(lib_a-mprec.o)
                                                  /home/book/andey/gcc-arm-none-eabi/bin/../lib/gcc/arm-none-eabi/5.4.1/../../../../arm-none-eabi/lib/armv7e-m/libc.a(lib_a-dtoa.o)
__ltdf2                                           /home/book/andey/gcc-arm-none-eabi/bin/../lib/gcc/arm-none-eabi/5.4.1/armv7e-m/libgcc.a(_arm_cmpdf2.o)
__malloc_av_                                      /home/book/andey/gcc-arm-none-eabi/bin/../lib/gcc/arm-none-eabi/5.4.1/../../../../arm-none-eabi/lib/armv7e-m/libc.a(lib_a-mallocr.o)